Archive member included to satisfy reference by file (symbol)

C:/ST/STM32CubeIDE_1.19.0/STM32CubeIDE/plugins/com.st.stm32cube.ide.mcu.externaltools.gnu-tools-for-stm32.13.3.rel1.win32_1.0.0.202411081344/tools/bin/../lib/gcc/arm-none-eabi/13.3.1/../../../../arm-none-eabi/lib/thumb/v7-m/nofp\libc_nano.a(libc_a-exit.o)
                              C:/ST/STM32CubeIDE_1.19.0/STM32CubeIDE/plugins/com.st.stm32cube.ide.mcu.externaltools.gnu-tools-for-stm32.13.3.rel1.win32_1.0.0.202411081344/tools/bin/../lib/gcc/arm-none-eabi/13.3.1/../../../../arm-none-eabi/lib/thumb/v7-m/nofp/crt0.o (exit)
C:/ST/STM32CubeIDE_1.19.0/STM32CubeIDE/plugins/com.st.stm32cube.ide.mcu.externaltools.gnu-tools-for-stm32.13.3.rel1.win32_1.0.0.202411081344/tools/bin/../lib/gcc/arm-none-eabi/13.3.1/../../../../arm-none-eabi/lib/thumb/v7-m/nofp\libc_nano.a(libc_a-findfp.o)
                              C:/ST/STM32CubeIDE_1.19.0/STM32CubeIDE/plugins/com.st.stm32cube.ide.mcu.externaltools.gnu-tools-for-stm32.13.3.rel1.win32_1.0.0.202411081344/tools/bin/../lib/gcc/arm-none-eabi/13.3.1/../../../../arm-none-eabi/lib/thumb/v7-m/nofp\libc_nano.a(libc_a-exit.o) (__stdio_exit_handler)
C:/ST/STM32CubeIDE_1.19.0/STM32CubeIDE/plugins/com.st.stm32cube.ide.mcu.externaltools.gnu-tools-for-stm32.13.3.rel1.win32_1.0.0.202411081344/tools/bin/../lib/gcc/arm-none-eabi/13.3.1/../../../../arm-none-eabi/lib/thumb/v7-m/nofp\libc_nano.a(libc_a-fwalk.o)
                              C:/ST/STM32CubeIDE_1.19.0/STM32CubeIDE/plugins/com.st.stm32cube.ide.mcu.externaltools.gnu-tools-for-stm32.13.3.rel1.win32_1.0.0.202411081344/tools/bin/../lib/gcc/arm-none-eabi/13.3.1/../../../../arm-none-eabi/lib/thumb/v7-m/nofp\libc_nano.a(libc_a-findfp.o) (_fwalk_sglue)
C:/ST/STM32CubeIDE_1.19.0/STM32CubeIDE/plugins/com.st.stm32cube.ide.mcu.externaltools.gnu-tools-for-stm32.13.3.rel1.win32_1.0.0.202411081344/tools/bin/../lib/gcc/arm-none-eabi/13.3.1/../../../../arm-none-eabi/lib/thumb/v7-m/nofp\libc_nano.a(libc_a-printf.o)
                              ./Core/Src/main.o (printf)
C:/ST/STM32CubeIDE_1.19.0/STM32CubeIDE/plugins/com.st.stm32cube.ide.mcu.externaltools.gnu-tools-for-stm32.13.3.rel1.win32_1.0.0.202411081344/tools/bin/../lib/gcc/arm-none-eabi/13.3.1/../../../../arm-none-eabi/lib/thumb/v7-m/nofp\libc_nano.a(libc_a-snprintf.o)
                              ./Core/Src/main.o (snprintf)
C:/ST/STM32CubeIDE_1.19.0/STM32CubeIDE/plugins/com.st.stm32cube.ide.mcu.externaltools.gnu-tools-for-stm32.13.3.rel1.win32_1.0.0.202411081344/tools/bin/../lib/gcc/arm-none-eabi/13.3.1/../../../../arm-none-eabi/lib/thumb/v7-m/nofp\libc_nano.a(libc_a-stdio.o)
                              C:/ST/STM32CubeIDE_1.19.0/STM32CubeIDE/plugins/com.st.stm32cube.ide.mcu.externaltools.gnu-tools-for-stm32.13.3.rel1.win32_1.0.0.202411081344/tools/bin/../lib/gcc/arm-none-eabi/13.3.1/../../../../arm-none-eabi/lib/thumb/v7-m/nofp\libc_nano.a(libc_a-findfp.o) (__sread)
C:/ST/STM32CubeIDE_1.19.0/STM32CubeIDE/plugins/com.st.stm32cube.ide.mcu.externaltools.gnu-tools-for-stm32.13.3.rel1.win32_1.0.0.202411081344/tools/bin/../lib/gcc/arm-none-eabi/13.3.1/../../../../arm-none-eabi/lib/thumb/v7-m/nofp\libc_nano.a(libc_a-memset.o)
                              C:/ST/STM32CubeIDE_1.19.0/STM32CubeIDE/plugins/com.st.stm32cube.ide.mcu.externaltools.gnu-tools-for-stm32.13.3.rel1.win32_1.0.0.202411081344/tools/bin/../lib/gcc/arm-none-eabi/13.3.1/../../../../arm-none-eabi/lib/thumb/v7-m/nofp/crt0.o (memset)
C:/ST/STM32CubeIDE_1.19.0/STM32CubeIDE/plugins/com.st.stm32cube.ide.mcu.externaltools.gnu-tools-for-stm32.13.3.rel1.win32_1.0.0.202411081344/tools/bin/../lib/gcc/arm-none-eabi/13.3.1/../../../../arm-none-eabi/lib/thumb/v7-m/nofp\libc_nano.a(libc_a-strncpy.o)
                              ./Core/Src/vl53l1_api.o (strncpy)
C:/ST/STM32CubeIDE_1.19.0/STM32CubeIDE/plugins/com.st.stm32cube.ide.mcu.externaltools.gnu-tools-for-stm32.13.3.rel1.win32_1.0.0.202411081344/tools/bin/../lib/gcc/arm-none-eabi/13.3.1/../../../../arm-none-eabi/lib/thumb/v7-m/nofp\libc_nano.a(libc_a-closer.o)
                              C:/ST/STM32CubeIDE_1.19.0/STM32CubeIDE/plugins/com.st.stm32cube.ide.mcu.externaltools.gnu-tools-for-stm32.13.3.rel1.win32_1.0.0.202411081344/tools/bin/../lib/gcc/arm-none-eabi/13.3.1/../../../../arm-none-eabi/lib/thumb/v7-m/nofp\libc_nano.a(libc_a-stdio.o) (_close_r)
C:/ST/STM32CubeIDE_1.19.0/STM32CubeIDE/plugins/com.st.stm32cube.ide.mcu.externaltools.gnu-tools-for-stm32.13.3.rel1.win32_1.0.0.202411081344/tools/bin/../lib/gcc/arm-none-eabi/13.3.1/../../../../arm-none-eabi/lib/thumb/v7-m/nofp\libc_nano.a(libc_a-reent.o)
                              C:/ST/STM32CubeIDE_1.19.0/STM32CubeIDE/plugins/com.st.stm32cube.ide.mcu.externaltools.gnu-tools-for-stm32.13.3.rel1.win32_1.0.0.202411081344/tools/bin/../lib/gcc/arm-none-eabi/13.3.1/../../../../arm-none-eabi/lib/thumb/v7-m/nofp\libc_nano.a(libc_a-closer.o) (errno)
[...]
Memory Configuration

Name             Origin             Length             Attributes
RAM              0x20000000         0x00005000         xrw
FLASH            0x08000000         0x00010000         xr
*default*        0x00000000         0xffffffff

Linker script and memory map

LOAD C:/ST/STM32CubeIDE_1.19.0/STM32CubeIDE/plugins/com.st.stm32cube.ide.mcu.externaltools.gnu-tools-for-stm32.13.3.rel1.win32_1.0.0.202411081344/tools/bin/../lib/gcc/arm-none-eabi/13.3.1/thumb/v7-m/nofp/crti.o
LOAD C:/ST/STM32CubeIDE_1.19.0/STM32CubeIDE/plugins/com.st.stm32cube.ide.mcu.externaltools.gnu-tools-for-stm32.13.3.rel1.win32_1.0.0.202411081344/tools/bin/../lib/gcc/arm-none-eabi/13.3.1/thumb/v7-m/nofp/crtbegin.o
LOAD C:/ST/STM32CubeIDE_1.19.0/STM32CubeIDE/plugins/com.st.stm32cube.ide.mcu.externaltools.gnu-tools-for-stm32.13.3.rel1.win32_1.0.0.202411081344/tools/bin/../lib/gcc/arm-none-eabi/13.3.1/../../../../arm-none-eabi/lib/thumb/v7-m/nofp/crt0.o
LOAD ./Core/Src/main.o
LOAD ./Core/Src/stm32f1xx_hal_msp.o
LOAD ./Core/Src/stm32f1xx_it.o
LOAD ./Core/Src/syscalls.o
LOAD ./Core/Src/sysmem.o
LOAD ./Core/Src/system_stm32f1xx.o
LOAD ./Core/Src/vl53l1_api.o
LOAD ./Core/Src/vl53l1_api_core.o
LOAD ./Core/Src/vl53l1_api_preset_modes.o
LOAD ./Core/Src/vl53l1_core.o
LOAD ./Core/Src/vl53l1_core_support.o
LOAD ./Core/Src/vl53l1_platform.o
LOAD ./Core/Src/vl53l1_register_funcs.o
LOAD ./Core/Src/vl53l1_wait.o
LOAD ./Core/Startup/startup_stm32f103c8tx.o
LOAD ./Drivers/STM32F1xx_HAL_Driver/Src/stm32f1xx_hal.o
LOAD ./Drivers/STM32F1xx_HAL_Driver/Src/stm32f1xx_hal_cortex.o
LOAD ./Drivers/STM32F1xx_HAL_Driver/Src/stm32f1xx_hal_dma.o
LOAD ./Drivers/STM32F1xx_HAL_Driver/Src/stm32f1xx_hal_exti.o
LOAD ./Drivers/STM32F1xx_HAL_Driver/Src/stm32f1xx_hal_flash.o
LOAD ./Drivers/STM32F1xx_HAL_Driver/Src/stm32f1xx_hal_flash_ex.o
LOAD ./Drivers/STM32F1xx_HAL_Driver/Src/stm32f1xx_hal_gpio.o
LOAD ./Drivers/STM32F1xx_HAL_Driver/Src/stm32f1xx_hal_gpio_ex.o
LOAD ./Drivers/STM32F1xx_HAL_Driver/Src/stm32f1xx_hal_i2c.o
LOAD ./Drivers/STM32F1xx_HAL_Driver/Src/stm32f1xx_hal_pwr.o
LOAD ./Drivers/STM32F1xx_HAL_Driver/Src/stm32f1xx_hal_rcc.o
LOAD ./Drivers/STM32F1xx_HAL_Driver/Src/stm32f1xx_hal_rcc_ex.o
LOAD ./Drivers/STM32F1xx_HAL_Driver/Src/stm32f1xx_hal_uart.o
START GROUP
LOAD C:/ST/STM32CubeIDE_1.19.0/STM32CubeIDE/plugins/com.st.stm32cube.ide.mcu.externaltools.gnu-tools-for-stm32.13.3.rel1.win32_1.0.0.202411081344/tools/bin/../lib/gcc/arm-none-eabi/13.3.1/../../../../arm-none-eabi/lib/thumb/v7-m/nofp\libc_nano.a
LOAD C:/ST/STM32CubeIDE_1.19.0/STM32CubeIDE/plugins/com.st.stm32cube.ide.mcu.externaltools.gnu-tools-for-stm32.13.3.rel1.win32_1.0.0.202411081344/tools/bin/../lib/gcc/arm-none-eabi/13.3.1/../../../../arm-none-eabi/lib/thumb/v7-m/nofp\libm.a
END GROUP
START GROUP
LOAD C:/ST/STM32CubeIDE_1.19.0/STM32CubeIDE/plugins/com.st.stm32cube.ide.mcu.externaltools.gnu-tools-for-stm32.13.3.rel1.win32_1.0.0.202411081344/tools/bin/../lib/gcc/arm-none-eabi/13.3.1/thumb/v7-m/nofp\libgcc.a
LOAD C:/ST/STM32CubeIDE_1.19.0/STM32CubeIDE/plugins/com.st.stm32cube.ide.mcu.externaltools.gnu-tools-for-stm32.13.3.rel1.win32_1.0.0.202411081344/tools/bin/../lib/gcc/arm-none-eabi/13.3.1/../../../../arm-none-eabi/lib/thumb/v7-m/nofp\libc_nano.a
END GROUP
START GROUP
LOAD C:/ST/STM32CubeIDE_1.19.0/STM32CubeIDE/plugins/com.st.stm32cube.ide.mcu.externaltools.gnu-tools-for-stm32.13.3.rel1.win32_1.0.0.202411081344/tools/bin/../lib/gcc/arm-none-eabi/13.3.1/thumb/v7-m/nofp\libgcc.a
LOAD C:/ST/STM32CubeIDE_1.19.0/STM32CubeIDE/plugins/com.st.stm32cube.ide.mcu.externaltools.gnu-tools-for-stm32.13.3.rel1.win32_1.0.0.202411081344/tools/bin/../lib/gcc/arm-none-eabi/13.3.1/../../../../arm-none-eabi/lib/thumb/v7-m/nofp\libc_nano.a
LOAD C:/ST/STM32CubeIDE_1.19.0/STM32CubeIDE/plugins/com.st.stm32cube.ide.mcu.externaltools.gnu-tools-for-stm32.13.3.rel1.win32_1.0.0.202411081344/tools/bin/../lib/gcc/arm-none-eabi/13.3.1/../../../../arm-none-eabi/lib/thumb/v7-m/nofp\libnosys.a
END GROUP
START GROUP
LOAD C:/ST/STM32CubeIDE_1.19.0/STM32CubeIDE/plugins/com.st.stm32cube.ide.mcu.externaltools.gnu-tools-for-stm32.13.3.rel1.win32_1.0.0.202411081344/tools/bin/../lib/gcc/arm-none-eabi/13.3.1/thumb/v7-m/nofp\libgcc.a
LOAD C:/ST/STM32CubeIDE_1.19.0/STM32CubeIDE/plugins/com.st.stm32cube.ide.mcu.externaltools.gnu-tools-for-stm32.13.3.rel1.win32_1.0.0.202411081344/tools/bin/../lib/gcc/arm-none-eabi/13.3.1/../../../../arm-none-eabi/lib/thumb/v7-m/nofp\libc_nano.a
LOAD C:/ST/STM32CubeIDE_1.19.0/STM32CubeIDE/plugins/com.st.stm32cube.ide.mcu.externaltools.gnu-tools-for-stm32.13.3.rel1.win32_1.0.0.202411081344/tools/bin/../lib/gcc/arm-none-eabi/13.3.1/../../../../arm-none-eabi/lib/thumb/v7-m/nofp\libnosys.a
END GROUP
LOAD C:/ST/STM32CubeIDE_1.19.0/STM32CubeIDE/plugins/com.st.stm32cube.ide.mcu.externaltools.gnu-tools-for-stm32.13.3.rel1.win32_1.0.0.202411081344/tools/bin/../lib/gcc/arm-none-eabi/13.3.1/thumb/v7-m/nofp/crtend.o
LOAD C:/ST/STM32CubeIDE_1.19.0/STM32CubeIDE/plugins/com.st.stm32cube.ide.mcu.externaltools.gnu-tools-for-stm32.13.3.rel1.win32_1.0.0.202411081344/tools/bin/../lib/gcc/arm-none-eabi/13.3.1/thumb/v7-m/nofp/crtn.o
                0x20005000                        _estack = (ORIGIN (RAM) + LENGTH (RAM))
                0x00000200                        _Min_Heap_Size = 0x200
                0x00000400                        _Min_Stack_Size = 0x400

.isr_vector     0x08000000      0x10c
                0x08000000                        . = ALIGN (0x4)
 *(.isr_vector)
 .isr_vector    0x08000000      0x10c ./Core/Startup/startup_stm32f103c8tx.o
                0x08000000                g_pfnVectors
                0x0800010c                        . = ALIGN (0x4)

.text           0x0800010c     0x8cb4
                0x0800010c                        . = ALIGN (0x4)
 *(.text)
 .text          0x0800010c       0x40 C:/ST/STM32CubeIDE_1.19.0/STM32CubeIDE/plugins/com.st.stm32cube.ide.mcu.externaltools.gnu-tools-for-stm32.13.3.rel1.win32_1.0.0.202411081344/tools/bin/../lib/gcc/arm-none-eabi/13.3.1/thumb/v7-m/nofp/crtbegin.o
 *(.text*)
 .text.USART1_SendChar
                0x0800014c       0x2c ./Core/Src/main.o
                0x0800014c                USART1_SendChar
 .text._write   0x08000178       0x38 ./Core/Src/main.o
                0x08000178                _write
 .text.main     0x080001b0      0x1c0 ./Core/Src/main.o
                0x080001b0                main
 .text.SystemClock_Config
                0x08000370       0x76 ./Core/Src/main.o
                0x08000370                SystemClock_Config
 *fill*         0x080003e6        0x2 
 .text.MX_I2C1_Init
                0x080003e8       0x5c ./Core/Src/main.o
 .text.MX_USART1_UART_Init
                0x08000444       0x54 ./Core/Src/main.o
 .text.MX_GPIO_Init
                0x08000498       0x44 ./Core/Src/main.o
 .text.Error_Handler
                0x080004dc        0xc ./Core/Src/main.o
                0x080004dc                Error_Handler
 .text.HAL_MspInit
                0x080004e8       0x64 ./Core/Src/stm32f1xx_hal_msp.o
                0x080004e8                HAL_MspInit
 .text.HAL_I2C_MspInit
                0x0800054c       0x7c ./Core/Src/stm32f1xx_hal_msp.o
                0x0800054c                HAL_I2C_MspInit
 .text.HAL_UART_MspInit
                0x080005c8       0x98 ./Core/Src/stm32f1xx_hal_msp.o
                0x080005c8                HAL_UART_MspInit
 .text.NMI_Handler
                0x08000660        0x8 ./Core/Src/stm32f1xx_it.o
                0x08000660                NMI_Handler
 .text.HardFault_Handler
                0x08000668        0x8 ./Core/Src/stm32f1xx_it.o
                0x08000668                HardFault_Handler
 .text.MemManage_Handler
                0x08000670        0x8 ./Core/Src/stm32f1xx_it.o
                0x08000670                MemManage_Handler
 .text.BusFault_Handler
                0x08000678        0x8 ./Core/Src/stm32f1xx_it.o
                0x08000678                BusFault_Handler
 .text.UsageFault_Handler
                0x08000680        0x8 ./Core/Src/stm32f1xx_it.o
                0x08000680                UsageFault_Handler
 .text.SVC_Handler
                0x08000688        0xc ./Core/Src/stm32f1xx_it.o
                0x08000688                SVC_Handler
 .text.DebugMon_Handler
                0x08000694        0xc ./Core/Src/stm32f1xx_it.o
                0x08000694                DebugMon_Handler
 .text.PendSV_Handler
                0x080006a0        0xc ./Core/Src/stm32f1xx_it.o
                0x080006a0                PendSV_Handler
 .text.SysTick_Handler
                0x080006ac        0xc ./Core/Src/stm32f1xx_it.o
                0x080006ac                SysTick_Handler
 .text._read    0x080006b8       0x3a ./Core/Src/syscalls.o
                0x080006b8                _read
 .text._close   0x080006f2       0x16 ./Core/Src/syscalls.o
                0x080006f2                _close
 .text._fstat   0x08000708       0x1e ./Core/Src/syscalls.o
                0x08000708                _fstat
 .text._isatty  0x08000726       0x14 ./Core/Src/syscalls.o
                0x08000726                _isatty
 .text._lseek   0x0800073a       0x18 ./Core/Src/syscalls.o
                0x0800073a                _lseek
 *fill*         0x08000752        0x2 
 .text._sbrk    0x08000754       0x6c ./Core/Src/sysmem.o
                0x08000754                _sbrk
 .text.SystemInit
                0x080007c0        0xc ./Core/Src/system_stm32f1xx.o
                0x080007c0                SystemInit
 .text.VL53L1_DataInit
                0x080007cc       0x72 ./Core/Src/vl53l1_api.o
                0x080007cc                VL53L1_DataInit
 .text.VL53L1_StaticInit
                0x0800083e       0x3e ./Core/Src/vl53l1_api.o
                0x0800083e                VL53L1_StaticInit
 .text.ComputeDevicePresetMode
                0x0800087c       0xcc ./Core/Src/vl53l1_api.o
 .text.SetPresetMode
                0x08000948       0xde ./Core/Src/vl53l1_api.o
 .text.VL53L1_SetPresetMode
                0x08000a26       0x8a ./Core/Src/vl53l1_api.o
                0x08000a26                VL53L1_SetPresetMode
 .text.VL53L1_SetDistanceMode
                0x08000ab0       0xea ./Core/Src/vl53l1_api.o
                0x08000ab0                VL53L1_SetDistanceMode
 *fill*         0x08000b9a        0x2 
 .text.VL53L1_SetMeasurementTimingBudgetMicroSeconds
                0x08000b9c      0x1c0 ./Core/Src/vl53l1_api.o
                0x08000b9c                VL53L1_SetMeasurementTimingBudgetMicroSeconds
 .text.VL53L1_GetMeasurementTimingBudgetMicroSeconds
                0x08000d5c      0x154 ./Core/Src/vl53l1_api.o
                0x08000d5c                VL53L1_GetMeasurementTimingBudgetMicroSeconds
 .text.VL53L1_SetInterMeasurementPeriodMilliSeconds
                0x08000eb0       0x40 ./Core/Src/vl53l1_api.o
                0x08000eb0                VL53L1_SetInterMeasurementPeriodMilliSeconds
 .text.VL53L1_GetInterMeasurementPeriodMilliSeconds
                0x08000ef0       0x48 ./Core/Src/vl53l1_api.o
                0x08000ef0                VL53L1_GetInterMeasurementPeriodMilliSeconds
 .text.SetLimitValue
                0x08000f38       0x52 ./Core/Src/vl53l1_api.o
 .text.VL53L1_SetLimitCheckEnable
                0x08000f8a       0x7c ./Core/Src/vl53l1_api.o
                0x08000f8a                VL53L1_SetLimitCheckEnable
 .text.VL53L1_GetLimitCheckEnable
                0x08001006       0x44 ./Core/Src/vl53l1_api.o
                0x08001006                VL53L1_GetLimitCheckEnable
 .text.VL53L1_GetLimitCheckValue
                0x0800104a       0xb2 ./Core/Src/vl53l1_api.o
                0x0800104a                VL53L1_GetLimitCheckValue
 .text.VL53L1_GetSequenceStepEnable
                0x080010fc       0x2e ./Core/Src/vl53l1_api.o
                0x080010fc                VL53L1_GetSequenceStepEnable
 *fill*         0x0800112a        0x2 
 .text.VL53L1_StartMeasurement
                0x0800112c       0xd8 ./Core/Src/vl53l1_api.o
                0x0800112c                VL53L1_StartMeasurement
 .text.VL53L1_ClearInterruptAndStartMeasurement
                0x08001204       0x2c ./Core/Src/vl53l1_api.o
                0x08001204                VL53L1_ClearInterruptAndStartMeasurement
 .text.VL53L1_GetMeasurementDataReady
                0x08001230       0x26 ./Core/Src/vl53l1_api.o
                0x08001230                VL53L1_GetMeasurementDataReady
 *fill*         0x08001256        0x2 
 .text.ComputeRQL
                0x08001258       0xec ./Core/Src/vl53l1_api.o
 .text.ConvertStatusLite
                0x08001344       0xa0 ./Core/Src/vl53l1_api.o
 .text.SetSimpleData
                0x080013e4      0x1c0 ./Core/Src/vl53l1_api.o
 .text.VL53L1_GetRangingMeasurementData
                0x080015a4       0x78 ./Core/Src/vl53l1_api.o
                0x080015a4                VL53L1_GetRangingMeasurementData
 .text.VL53L1_LoadPatch
                0x0800161c      0x250 ./Core/Src/vl53l1_api.o
 .text.VL53L1_data_init
                0x0800186c      0x13a ./Core/Src/vl53l1_api_core.o
                0x0800186c                VL53L1_data_init
 .text.VL53L1_read_p2p_data
                0x080019a6      0x100 ./Core/Src/vl53l1_api_core.o
                0x080019a6                VL53L1_read_p2p_data
 .text.VL53L1_set_inter_measurement_period_ms
                0x08001aa6       0x50 ./Core/Src/vl53l1_api_core.o
                0x08001aa6                VL53L1_set_inter_measurement_period_ms
 .text.VL53L1_get_inter_measurement_period_ms
                0x08001af6       0x4a ./Core/Src/vl53l1_api_core.o
                0x08001af6                VL53L1_get_inter_measurement_period_ms
 .text.VL53L1_set_timeouts_us
                0x08001b40       0x70 ./Core/Src/vl53l1_api_core.o
                0x08001b40                VL53L1_set_timeouts_us
 .text.VL53L1_get_timeouts_us
                0x08001bb0       0xd2 ./Core/Src/vl53l1_api_core.o
                0x08001bb0                VL53L1_get_timeouts_us
 .text.VL53L1_get_sequence_config_bit
                0x08001c82       0x6c ./Core/Src/vl53l1_api_core.o
                0x08001c82                VL53L1_get_sequence_config_bit
 .text.VL53L1_set_user_zone
                0x08001cee       0x46 ./Core/Src/vl53l1_api_core.o
                0x08001cee                VL53L1_set_user_zone
 .text.VL53L1_get_user_zone
                0x08001d34       0x44 ./Core/Src/vl53l1_api_core.o
                0x08001d34                VL53L1_get_user_zone
 .text.VL53L1_get_mode_mitigation_roi
                0x08001d78       0x68 ./Core/Src/vl53l1_api_core.o
                0x08001d78                VL53L1_get_mode_mitigation_roi
 .text.VL53L1_get_preset_mode_timing_cfg
                0x08001de0      0x154 ./Core/Src/vl53l1_api_core.o
                0x08001de0                VL53L1_get_preset_mode_timing_cfg
 .text.VL53L1_set_preset_mode
                0x08001f34      0x2ec ./Core/Src/vl53l1_api_core.o
                0x08001f34                VL53L1_set_preset_mode
 .text.VL53L1_get_lite_sigma_threshold
                0x08002220       0x2a ./Core/Src/vl53l1_api_core.o
                0x08002220                VL53L1_get_lite_sigma_threshold
 .text.VL53L1_set_lite_sigma_threshold
                0x0800224a       0x2a ./Core/Src/vl53l1_api_core.o
                0x0800224a                VL53L1_set_lite_sigma_threshold
 .text.VL53L1_get_lite_min_count_rate
                0x08002274       0x2a ./Core/Src/vl53l1_api_core.o
                0x08002274                VL53L1_get_lite_min_count_rate
 .text.VL53L1_set_lite_min_count_rate
                0x0800229e       0x2a ./Core/Src/vl53l1_api_core.o
                0x0800229e                VL53L1_set_lite_min_count_rate
 .text.VL53L1_set_vhv_loopbound
                0x080022c8       0x3e ./Core/Src/vl53l1_api_core.o
                0x080022c8                VL53L1_set_vhv_loopbound
 *fill*         0x08002306        0x2 
 .text.VL53L1_init_and_start_range
                0x08002308      0x4c4 ./Core/Src/vl53l1_api_core.o
                0x08002308                VL53L1_init_and_start_range
 .text.VL53L1_get_measurement_results
                0x080027cc      0x178 ./Core/Src/vl53l1_api_core.o
                0x080027cc                VL53L1_get_measurement_results
 .text.VL53L1_get_device_results
                0x08002944       0xe0 ./Core/Src/vl53l1_api_core.o
                0x08002944                VL53L1_get_device_results
 .text.VL53L1_clear_interrupt_and_enable_next_range
                0x08002a24       0x34 ./Core/Src/vl53l1_api_core.o
                0x08002a24                VL53L1_clear_interrupt_and_enable_next_range
 .text.VL53L1_copy_sys_and_core_results_to_range_results
                0x08002a58      0x234 ./Core/Src/vl53l1_api_core.o
                0x08002a58                VL53L1_copy_sys_and_core_results_to_range_results
 .text.VL53L1_get_tuning_parm
                0x08002c8c      0x448 ./Core/Src/vl53l1_api_core.o
                0x08002c8c                VL53L1_get_tuning_parm
 .text.VL53L1_init_refspadchar_config_struct
                0x080030d4       0x46 ./Core/Src/vl53l1_api_preset_modes.o
                0x080030d4                VL53L1_init_refspadchar_config_struct
 .text.VL53L1_init_ssc_config_struct
                0x0800311a       0x40 ./Core/Src/vl53l1_api_preset_modes.o
                0x0800311a                VL53L1_init_ssc_config_struct
 .text.VL53L1_init_xtalk_config_struct
                0x0800315a       0xc4 ./Core/Src/vl53l1_api_preset_modes.o
                0x0800315a                VL53L1_init_xtalk_config_struct
 .text.VL53L1_init_offset_cal_config_struct
                0x0800321e       0x4c ./Core/Src/vl53l1_api_preset_modes.o
                0x0800321e                VL53L1_init_offset_cal_config_struct
 .text.VL53L1_init_tuning_parm_storage_struct
                0x0800326a      0x11c ./Core/Src/vl53l1_api_preset_modes.o
                0x0800326a                VL53L1_init_tuning_parm_storage_struct
 .text.VL53L1_preset_mode_standard_ranging
                0x08003386      0x23a ./Core/Src/vl53l1_api_preset_modes.o
                0x08003386                VL53L1_preset_mode_standard_ranging
 .text.VL53L1_preset_mode_standard_ranging_short_range
                0x080035c0       0x82 ./Core/Src/vl53l1_api_preset_modes.o
                0x080035c0                VL53L1_preset_mode_standard_ranging_short_range
 .text.VL53L1_preset_mode_standard_ranging_long_range
                0x08003642       0x82 ./Core/Src/vl53l1_api_preset_modes.o
                0x08003642                VL53L1_preset_mode_standard_ranging_long_range
 .text.VL53L1_preset_mode_standard_ranging_mm1_cal
                0x080036c4       0x4a ./Core/Src/vl53l1_api_preset_modes.o
                0x080036c4                VL53L1_preset_mode_standard_ranging_mm1_cal
 .text.VL53L1_preset_mode_standard_ranging_mm2_cal
                0x0800370e       0x4a ./Core/Src/vl53l1_api_preset_modes.o
                0x0800370e                VL53L1_preset_mode_standard_ranging_mm2_cal
 .text.VL53L1_preset_mode_timed_ranging
                0x08003758       0x74 ./Core/Src/vl53l1_api_preset_modes.o
                0x08003758                VL53L1_preset_mode_timed_ranging
 .text.VL53L1_preset_mode_timed_ranging_short_range
                0x080037cc       0x74 ./Core/Src/vl53l1_api_preset_modes.o
                0x080037cc                VL53L1_preset_mode_timed_ranging_short_range
 .text.VL53L1_preset_mode_timed_ranging_long_range
                0x08003840       0x74 ./Core/Src/vl53l1_api_preset_modes.o
                0x08003840                VL53L1_preset_mode_timed_ranging_long_range
 .text.VL53L1_preset_mode_low_power_auto_ranging
                0x080038b4       0x4c ./Core/Src/vl53l1_api_preset_modes.o
                0x080038b4                VL53L1_preset_mode_low_power_auto_ranging
 .text.VL53L1_preset_mode_low_power_auto_short_ranging
                0x08003900       0x4c ./Core/Src/vl53l1_api_preset_modes.o
                0x08003900                VL53L1_preset_mode_low_power_auto_short_ranging
 .text.VL53L1_preset_mode_low_power_auto_long_ranging
                0x0800394c       0x4c ./Core/Src/vl53l1_api_preset_modes.o
                0x0800394c                VL53L1_preset_mode_low_power_auto_long_ranging
 .text.VL53L1_preset_mode_singleshot_ranging
                0x08003998       0x6c ./Core/Src/vl53l1_api_preset_modes.o
                0x08003998                VL53L1_preset_mode_singleshot_ranging
 .text.VL53L1_preset_mode_olt
                0x08003a04       0x44 ./Core/Src/vl53l1_api_preset_modes.o
                0x08003a04                VL53L1_preset_mode_olt
 .text.VL53L1_init_version
                0x08003a48       0x36 ./Core/Src/vl53l1_core.o
                0x08003a48                VL53L1_init_version
 .text.VL53L1_init_ll_driver_state
                0x08003a7e       0x50 ./Core/Src/vl53l1_core.o
                0x08003a7e                VL53L1_init_ll_driver_state
 *fill*         0x08003ace        0x2 
 .text.VL53L1_update_ll_driver_rd_state
                0x08003ad0      0x110 ./Core/Src/vl53l1_core.o
                0x08003ad0                VL53L1_update_ll_driver_rd_state
 .text.VL53L1_check_ll_driver_rd_state
                0x08003be0       0x94 ./Core/Src/vl53l1_core.o
                0x08003be0                VL53L1_check_ll_driver_rd_state
 .text.VL53L1_update_ll_driver_cfg_state
                0x08003c74       0xca ./Core/Src/vl53l1_core.o
                0x08003c74                VL53L1_update_ll_driver_cfg_state
 .text.VL53L1_copy_rtn_good_spads_to_buffer
                0x08003d3e      0x172 ./Core/Src/vl53l1_core.o
                0x08003d3e                VL53L1_copy_rtn_good_spads_to_buffer
 .text.VL53L1_i2c_encode_uint16_t
                0x08003eb0       0x54 ./Core/Src/vl53l1_core.o
                0x08003eb0                VL53L1_i2c_encode_uint16_t
 .text.VL53L1_i2c_decode_uint16_t
                0x08003f04       0x40 ./Core/Src/vl53l1_core.o
                0x08003f04                VL53L1_i2c_decode_uint16_t
 .text.VL53L1_i2c_encode_int16_t
                0x08003f44       0x56 ./Core/Src/vl53l1_core.o
                0x08003f44                VL53L1_i2c_encode_int16_t
 .text.VL53L1_i2c_decode_int16_t
                0x08003f9a       0x4e ./Core/Src/vl53l1_core.o
                0x08003f9a                VL53L1_i2c_decode_int16_t
 .text.VL53L1_i2c_encode_uint32_t
                0x08003fe8       0x52 ./Core/Src/vl53l1_core.o
                0x08003fe8                VL53L1_i2c_encode_uint32_t
 .text.VL53L1_i2c_decode_uint32_t
                0x0800403a       0x38 ./Core/Src/vl53l1_core.o
                0x0800403a                VL53L1_i2c_decode_uint32_t
 .text.VL53L1_i2c_decode_int32_t
                0x08004072       0x48 ./Core/Src/vl53l1_core.o
                0x08004072                VL53L1_i2c_decode_int32_t
 .text.VL53L1_set_powerforce_register
                0x080040ba       0x3c ./Core/Src/vl53l1_core.o
                0x080040ba                VL53L1_set_powerforce_register
 .text.VL53L1_enable_powerforce
                0x080040f6       0x24 ./Core/Src/vl53l1_core.o
                0x080040f6                VL53L1_enable_powerforce
 .text.VL53L1_calc_macro_period_us
                0x0800411a       0x5e ./Core/Src/vl53l1_core.o
                0x0800411a                VL53L1_calc_macro_period_us
 .text.VL53L1_calc_range_ignore_threshold
                0x08004178       0xc4 ./Core/Src/vl53l1_core.o
                0x08004178                VL53L1_calc_range_ignore_threshold
 .text.VL53L1_calc_timeout_mclks
                0x0800423c       0x2c ./Core/Src/vl53l1_core.o
                0x0800423c                VL53L1_calc_timeout_mclks
 .text.VL53L1_calc_encoded_timeout
                0x08004268       0x30 ./Core/Src/vl53l1_core.o
                0x08004268                VL53L1_calc_encoded_timeout
 .text.VL53L1_calc_timeout_us
                0x08004298       0x80 ./Core/Src/vl53l1_core.o
                0x08004298                VL53L1_calc_timeout_us
 .text.VL53L1_calc_decoded_timeout_us
                0x08004318       0x32 ./Core/Src/vl53l1_core.o
                0x08004318                VL53L1_calc_decoded_timeout_us
 .text.VL53L1_encode_timeout
                0x0800434a       0x52 ./Core/Src/vl53l1_core.o
                0x0800434a                VL53L1_encode_timeout
 .text.VL53L1_decode_timeout
                0x0800439c       0x2a ./Core/Src/vl53l1_core.o
                0x0800439c                VL53L1_decode_timeout
 .text.VL53L1_calc_timeout_register_values
                0x080043c6       0xf2 ./Core/Src/vl53l1_core.o
                0x080043c6                VL53L1_calc_timeout_register_values
 .text.VL53L1_encode_row_col
                0x080044b8       0x4c ./Core/Src/vl53l1_core.o
                0x080044b8                VL53L1_encode_row_col
 .text.VL53L1_decode_zone_size
                0x08004504       0x2e ./Core/Src/vl53l1_core.o
                0x08004504                VL53L1_decode_zone_size
 .text.VL53L1_encode_zone_size
                0x08004532       0x2a ./Core/Src/vl53l1_core.o
                0x08004532                VL53L1_encode_zone_size
 .text.VL53L1_low_power_auto_data_init
                0x0800455c       0x66 ./Core/Src/vl53l1_core.o
                0x0800455c                VL53L1_low_power_auto_data_init
 .text.VL53L1_config_low_power_auto_mode
                0x080045c2       0x30 ./Core/Src/vl53l1_core.o
                0x080045c2                VL53L1_config_low_power_auto_mode
 .text.VL53L1_low_power_auto_setup_manual_calibration
                0x080045f2       0x88 ./Core/Src/vl53l1_core.o
                0x080045f2                VL53L1_low_power_auto_setup_manual_calibration
 .text.VL53L1_calc_pll_period_us
                0x0800467a       0x26 ./Core/Src/vl53l1_core_support.o
                0x0800467a                VL53L1_calc_pll_period_us
 .text.VL53L1_decode_vcsel_period
                0x080046a0       0x24 ./Core/Src/vl53l1_core_support.o
                0x080046a0                VL53L1_decode_vcsel_period
 .text.VL53L1_decode_row_col
                0x080046c4       0x5c ./Core/Src/vl53l1_core_support.o
                0x080046c4                VL53L1_decode_row_col
 .text.VL53L1_WriteMulti
                0x08004720       0x44 ./Core/Src/vl53l1_platform.o
                0x08004720                VL53L1_WriteMulti
 .text.VL53L1_ReadMulti
                0x08004764       0x44 ./Core/Src/vl53l1_platform.o
                0x08004764                VL53L1_ReadMulti
 .text.VL53L1_WrByte
                0x080047a8       0x40 ./Core/Src/vl53l1_platform.o
                0x080047a8                VL53L1_WrByte
 .text.VL53L1_RdByte
                0x080047e8       0x3c ./Core/Src/vl53l1_platform.o
                0x080047e8                VL53L1_RdByte
 .text.VL53L1_RdWord
                0x08004824       0x40 ./Core/Src/vl53l1_platform.o
                0x08004824                VL53L1_RdWord
 .text.VL53L1_i2c_encode_static_nvm_managed
                0x08004864       0xb6 ./Core/Src/vl53l1_register_funcs.o
                0x08004864                VL53L1_i2c_encode_static_nvm_managed
 .text.VL53L1_i2c_decode_static_nvm_managed
                0x0800491a       0xb4 ./Core/Src/vl53l1_register_funcs.o
                0x0800491a                VL53L1_i2c_decode_static_nvm_managed
 .text.VL53L1_get_static_nvm_managed
                0x080049ce       0x4e ./Core/Src/vl53l1_register_funcs.o
                0x080049ce                VL53L1_get_static_nvm_managed
 .text.VL53L1_i2c_encode_customer_nvm_managed
                0x08004a1c      0x114 ./Core/Src/vl53l1_register_funcs.o
                0x08004a1c                VL53L1_i2c_encode_customer_nvm_managed
 .text.VL53L1_i2c_decode_customer_nvm_managed
                0x08004b30      0x11a ./Core/Src/vl53l1_register_funcs.o
                0x08004b30                VL53L1_i2c_decode_customer_nvm_managed
 .text.VL53L1_get_customer_nvm_managed
                0x08004c4a       0x4e ./Core/Src/vl53l1_register_funcs.o
                0x08004c4a                VL53L1_get_customer_nvm_managed
 .text.VL53L1_i2c_encode_static_config
                0x08004c98      0x1c6 ./Core/Src/vl53l1_register_funcs.o
                0x08004c98                VL53L1_i2c_encode_static_config
 .text.VL53L1_i2c_encode_general_config
                0x08004e5e      0x108 ./Core/Src/vl53l1_register_funcs.o
                0x08004e5e                VL53L1_i2c_encode_general_config
 .text.VL53L1_i2c_encode_timing_config
                0x08004f66      0x104 ./Core/Src/vl53l1_register_funcs.o
                0x08004f66                VL53L1_i2c_encode_timing_config
 .text.VL53L1_i2c_encode_dynamic_config
                0x0800506a      0x10a ./Core/Src/vl53l1_register_funcs.o
                0x0800506a                VL53L1_i2c_encode_dynamic_config
 .text.VL53L1_i2c_encode_system_control
                0x08005174       0x74 ./Core/Src/vl53l1_register_funcs.o
                0x08005174                VL53L1_i2c_encode_system_control
 .text.VL53L1_i2c_decode_system_results
                0x080051e8      0x1ec ./Core/Src/vl53l1_register_funcs.o
                0x080051e8                VL53L1_i2c_decode_system_results
 .text.VL53L1_i2c_decode_core_results
                0x080053d4       0xc2 ./Core/Src/vl53l1_register_funcs.o
                0x080053d4                VL53L1_i2c_decode_core_results
 .text.VL53L1_i2c_decode_debug_results
                0x08005496      0x2e4 ./Core/Src/vl53l1_register_funcs.o
                0x08005496                VL53L1_i2c_decode_debug_results
 .text.VL53L1_i2c_decode_nvm_copy_data
                0x0800577a      0x24c ./Core/Src/vl53l1_register_funcs.o
                0x0800577a                VL53L1_i2c_decode_nvm_copy_data
 .text.VL53L1_get_nvm_copy_data
                0x080059c6       0x56 ./Core/Src/vl53l1_register_funcs.o
                0x080059c6                VL53L1_get_nvm_copy_data
 .text.VL53L1_is_new_data_ready
                0x08005a1c       0x72 ./Core/Src/vl53l1_wait.o
                0x08005a1c                VL53L1_is_new_data_ready
 *fill*         0x08005a8e        0x2 
 .text.Reset_Handler
                0x08005a90       0x48 ./Core/Startup/startup_stm32f103c8tx.o
                0x08005a90                Reset_Handler
 .text.Default_Handler
                0x08005ad8        0x2 ./Core/Startup/startup_stm32f103c8tx.o
                0x08005ad8                RTC_Alarm_IRQHandler
                0x08005ad8                EXTI2_IRQHandler
                0x08005ad8                TIM1_CC_IRQHandler
                0x08005ad8                PVD_IRQHandler
                0x08005ad8                EXTI3_IRQHandler
                0x08005ad8                EXTI0_IRQHandler
                0x08005ad8                I2C2_EV_IRQHandler
                0x08005ad8                ADC1_2_IRQHandler
                0x08005ad8                SPI1_IRQHandler
                0x08005ad8                TAMPER_IRQHandler
                0x08005ad8                DMA1_Channel4_IRQHandler
                0x08005ad8                USART3_IRQHandler
                0x08005ad8                RTC_IRQHandler
                0x08005ad8                DMA1_Channel7_IRQHandler
                0x08005ad8                CAN1_RX1_IRQHandler
                0x08005ad8                TIM4_IRQHandler
                0x08005ad8                I2C1_EV_IRQHandler
                0x08005ad8                DMA1_Channel6_IRQHandler
                0x08005ad8                TIM3_IRQHandler
                0x08005ad8                RCC_IRQHandler
                0x08005ad8                TIM1_TRG_COM_IRQHandler
                0x08005ad8                DMA1_Channel1_IRQHandler
                0x08005ad8                Default_Handler
                0x08005ad8                EXTI15_10_IRQHandler
                0x08005ad8                EXTI9_5_IRQHandler
                0x08005ad8                SPI2_IRQHandler
                0x08005ad8                DMA1_Channel5_IRQHandler
                0x08005ad8                EXTI4_IRQHandler
                0x08005ad8                USB_LP_CAN1_RX0_IRQHandler
                0x08005ad8                USB_HP_CAN1_TX_IRQHandler
                0x08005ad8                DMA1_Channel3_IRQHandler
                0x08005ad8                TIM1_UP_IRQHandler
                0x08005ad8                WWDG_IRQHandler
                0x08005ad8                TIM2_IRQHandler
                0x08005ad8                TIM1_BRK_IRQHandler
                0x08005ad8                EXTI1_IRQHandler
                0x08005ad8                USART2_IRQHandler
                0x08005ad8                I2C2_ER_IRQHandler
                0x08005ad8                DMA1_Channel2_IRQHandler
                0x08005ad8                CAN1_SCE_IRQHandler
                0x08005ad8                FLASH_IRQHandler
                0x08005ad8                USART1_IRQHandler
                0x08005ad8                I2C1_ER_IRQHandler
                0x08005ad8                USBWakeUp_IRQHandler
 *fill*         0x08005ada        0x2 
 .text.HAL_Init
                0x08005adc       0x2c ./Drivers/STM32F1xx_HAL_Driver/Src/stm32f1xx_hal.o
                0x08005adc                HAL_Init
 .text.HAL_InitTick
                0x08005b08       0x60 ./Drivers/STM32F1xx_HAL_Driver/Src/stm32f1xx_hal.o
                0x08005b08                HAL_InitTick
 .text.HAL_IncTick
                0x08005b68       0x24 ./Drivers/STM32F1xx_HAL_Driver/Src/stm32f1xx_hal.o
                0x08005b68                HAL_IncTick
 .text.HAL_GetTick
                0x08005b8c       0x14 ./Drivers/STM32F1xx_HAL_Driver/Src/stm32f1xx_hal.o
                0x08005b8c                HAL_GetTick
 .text.HAL_Delay
                0x08005ba0       0x48 ./Drivers/STM32F1xx_HAL_Driver/Src/stm32f1xx_hal.o
                0x08005ba0                HAL_Delay
 .text.__NVIC_SetPriorityGrouping
                0x08005be8       0x48 ./Drivers/STM32F1xx_HAL_Driver/Src/stm32f1xx_hal_cortex.o
 .text.__NVIC_GetPriorityGrouping
                0x08005c30       0x1c ./Drivers/STM32F1xx_HAL_Driver/Src/stm32f1xx_hal_cortex.o
 .text.__NVIC_SetPriority
                0x08005c4c       0x54 ./Drivers/STM32F1xx_HAL_Driver/Src/stm32f1xx_hal_cortex.o
 .text.NVIC_EncodePriority
                0x08005ca0       0x64 ./Drivers/STM32F1xx_HAL_Driver/Src/stm32f1xx_hal_cortex.o
 .text.SysTick_Config
                0x08005d04       0x44 ./Drivers/STM32F1xx_HAL_Driver/Src/stm32f1xx_hal_cortex.o
 .text.HAL_NVIC_SetPriorityGrouping
                0x08005d48       0x16 ./Drivers/STM32F1xx_HAL_Driver/Src/stm32f1xx_hal_cortex.o
                0x08005d48                HAL_NVIC_SetPriorityGrouping
 .text.HAL_NVIC_SetPriority
                0x08005d5e       0x38 ./Drivers/STM32F1xx_HAL_Driver/Src/stm32f1xx_hal_cortex.o
                0x08005d5e                HAL_NVIC_SetPriority
 .text.HAL_SYSTICK_Config
                0x08005d96       0x18 ./Drivers/STM32F1xx_HAL_Driver/Src/stm32f1xx_hal_cortex.o
                0x08005d96                HAL_SYSTICK_Config
 *fill*         0x08005dae        0x2 
 .text.HAL_GPIO_Init
                0x08005db0      0x308 ./Drivers/STM32F1xx_HAL_Driver/Src/stm32f1xx_hal_gpio.o
                0x08005db0                HAL_GPIO_Init
 .text.HAL_I2C_Init
                0x080060b8      0x288 ./Drivers/STM32F1xx_HAL_Driver/Src/stm32f1xx_hal_i2c.o
                0x080060b8                HAL_I2C_Init
 .text.HAL_I2C_Mem_Write
                0x08006340      0x1f4 ./Drivers/STM32F1xx_HAL_Driver/Src/stm32f1xx_hal_i2c.o
                0x08006340                HAL_I2C_Mem_Write
 .text.HAL_I2C_Mem_Read
                0x08006534      0x4e8 ./Drivers/STM32F1xx_HAL_Driver/Src/stm32f1xx_hal_i2c.o
                0x08006534                HAL_I2C_Mem_Read
 .text.I2C_RequestMemoryWrite
                0x08006a1c      0x12c ./Drivers/STM32F1xx_HAL_Driver/Src/stm32f1xx_hal_i2c.o
 .text.I2C_RequestMemoryRead
                0x08006b48      0x1d0 ./Drivers/STM32F1xx_HAL_Driver/Src/stm32f1xx_hal_i2c.o
 .text.I2C_WaitOnFlagUntilTimeout
                0x08006d18       0xf4 ./Drivers/STM32F1xx_HAL_Driver/Src/stm32f1xx_hal_i2c.o
 .text.I2C_WaitOnMasterAddressFlagUntilTimeout
                0x08006e0c      0x140 ./Drivers/STM32F1xx_HAL_Driver/Src/stm32f1xx_hal_i2c.o
 .text.I2C_WaitOnTXEFlagUntilTimeout
                0x08006f4c       0x90 ./Drivers/STM32F1xx_HAL_Driver/Src/stm32f1xx_hal_i2c.o
 .text.I2C_WaitOnBTFFlagUntilTimeout
                0x08006fdc       0x90 ./Drivers/STM32F1xx_HAL_Driver/Src/stm32f1xx_hal_i2c.o
 .text.I2C_WaitOnRXNEFlagUntilTimeout
                0x0800706c       0xba ./Drivers/STM32F1xx_HAL_Driver/Src/stm32f1xx_hal_i2c.o
 .text.I2C_IsAcknowledgeFailed
                0x08007126       0x5c ./Drivers/STM32F1xx_HAL_Driver/Src/stm32f1xx_hal_i2c.o
 *fill*         0x08007182        0x2 
 .text.HAL_RCC_OscConfig
                0x08007184      0x504 ./Drivers/STM32F1xx_HAL_Driver/Src/stm32f1xx_hal_rcc.o
                0x08007184                HAL_RCC_OscConfig
 .text.HAL_RCC_ClockConfig
                0x08007688      0x1d4 ./Drivers/STM32F1xx_HAL_Driver/Src/stm32f1xx_hal_rcc.o
                0x08007688                HAL_RCC_ClockConfig
 .text.HAL_RCC_GetSysClockFreq
                0x0800785c       0xa8 ./Drivers/STM32F1xx_HAL_Driver/Src/stm32f1xx_hal_rcc.o
                0x0800785c                HAL_RCC_GetSysClockFreq
 .text.HAL_RCC_GetHCLKFreq
                0x08007904       0x14 ./Drivers/STM32F1xx_HAL_Driver/Src/stm32f1xx_hal_rcc.o
                0x08007904                HAL_RCC_GetHCLKFreq
 .text.HAL_RCC_GetPCLK1Freq
                0x08007918       0x28 ./Drivers/STM32F1xx_HAL_Driver/Src/stm32f1xx_hal_rcc.o
                0x08007918                HAL_RCC_GetPCLK1Freq
 .text.HAL_RCC_GetPCLK2Freq
                0x08007940       0x28 ./Drivers/STM32F1xx_HAL_Driver/Src/stm32f1xx_hal_rcc.o
                0x08007940                HAL_RCC_GetPCLK2Freq
 .text.RCC_Delay
                0x08007968       0x3c ./Drivers/STM32F1xx_HAL_Driver/Src/stm32f1xx_hal_rcc.o
 .text.HAL_UART_Init
                0x080079a4       0xa0 ./Drivers/STM32F1xx_HAL_Driver/Src/stm32f1xx_hal_uart.o
                0x080079a4                HAL_UART_Init
 .text.UART_SetConfig
                0x08007a44      0x11c ./Drivers/STM32F1xx_HAL_Driver/Src/stm32f1xx_hal_uart.o
 .text.std      0x08007b60       0x6c C:/ST/STM32CubeIDE_1.19.0/STM32CubeIDE/plugins/com.st.stm32cube.ide.mcu.externaltools.gnu-tools-for-stm32.13.3.rel1.win32_1.0.0.202411081344/tools/bin/../lib/gcc/arm-none-eabi/13.3.1/../../../../arm-none-eabi/lib/thumb/v7-m/nofp\libc_nano.a(libc_a-findfp.o)
 .text.stdio_exit_handler
                0x08007bcc       0x18 C:/ST/STM32CubeIDE_1.19.0/STM32CubeIDE/plugins/com.st.stm32cube.ide.mcu.externaltools.gnu-tools-for-stm32.13.3.rel1.win32_1.0.0.202411081344/tools/bin/../lib/gcc/arm-none-eabi/13.3.1/../../../../arm-none-eabi/lib/thumb/v7-m/nofp\libc_nano.a(libc_a-findfp.o)
 .text.cleanup_stdio
                0x08007be4       0x40 C:/ST/STM32CubeIDE_1.19.0/STM32CubeIDE/plugins/com.st.stm32cube.ide.mcu.externaltools.gnu-tools-for-stm32.13.3.rel1.win32_1.0.0.202411081344/tools/bin/../lib/gcc/arm-none-eabi/13.3.1/../../../../arm-none-eabi/lib/thumb/v7-m/nofp\libc_nano.a(libc_a-findfp.o)
 .text.global_stdio_init.part.0
                0x08007c24       0x3c C:/ST/STM32CubeIDE_1.19.0/STM32CubeIDE/plugins/com.st.stm32cube.ide.mcu.externaltools.gnu-tools-for-stm32.13.3.rel1.win32_1.0.0.202411081344/tools/bin/../lib/gcc/arm-none-eabi/13.3.1/../../../../arm-none-eabi/lib/thumb/v7-m/nofp\libc_nano.a(libc_a-findfp.o)
 .text.__sfp_lock_acquire
                0x08007c60        0xc C:/ST/STM32CubeIDE_1.19.0/STM32CubeIDE/plugins/com.st.stm32cube.ide.mcu.externaltools.gnu-tools-for-stm32.13.3.rel1.win32_1.0.0.202411081344/tools/bin/../lib/gcc/arm-none-eabi/13.3.1/../../../../arm-none-eabi/lib/thumb/v7-m/nofp\libc_nano.a(libc_a-findfp.o)
                0x08007c60                __sfp_lock_acquire
 .text.__sfp_lock_release
                0x08007c6c        0xc C:/ST/STM32CubeIDE_1.19.0/STM32CubeIDE/plugins/com.st.stm32cube.ide.mcu.externaltools.gnu-tools-for-stm32.13.3.rel1.win32_1.0.0.202411081344/tools/bin/../lib/gcc/arm-none-eabi/13.3.1/../../../../arm-none-eabi/lib/thumb/v7-m/nofp\libc_nano.a(libc_a-findfp.o)
                0x08007c6c                __sfp_lock_release
 .text.__sinit  0x08007c78       0x30 C:/ST/STM32CubeIDE_1.19.0/STM32CubeIDE/plugins/com.st.stm32cube.ide.mcu.externaltools.gnu-tools-for-stm32.13.3.rel1.win32_1.0.0.202411081344/tools/bin/../lib/gcc/arm-none-eabi/13.3.1/../../../../arm-none-eabi/lib/thumb/v7-m/nofp\libc_nano.a(libc_a-findfp.o)
                0x08007c78                __sinit
 .text._fwalk_sglue
                0x08007ca8       0x3c C:/ST/STM32CubeIDE_1.19.0/STM32CubeIDE/plugins/com.st.stm32cube.ide.mcu.externaltools.gnu-tools-for-stm32.13.3.rel1.win32_1.0.0.202411081344/tools/bin/../lib/gcc/arm-none-eabi/13.3.1/../../../../arm-none-eabi/lib/thumb/v7-m/nofp\libc_nano.a(libc_a-fwalk.o)
                0x08007ca8                _fwalk_sglue
 .text.printf   0x08007ce4       0x24 C:/ST/STM32CubeIDE_1.19.0/STM32CubeIDE/plugins/com.st.stm32cube.ide.mcu.externaltools.gnu-tools-for-stm32.13.3.rel1.win32_1.0.0.202411081344/tools/bin/../lib/gcc/arm-none-eabi/13.3.1/../../../../arm-none-eabi/lib/thumb/v7-m/nofp\libc_nano.a(libc_a-printf.o)
                0x08007ce4                iprintf
                0x08007ce4                printf
 .text.snprintf
                0x08007d08       0x6c C:/ST/STM32CubeIDE_1.19.0/STM32CubeIDE/plugins/com.st.stm32cube.ide.mcu.externaltools.gnu-tools-for-stm32.13.3.rel1.win32_1.0.0.202411081344/tools/bin/../lib/gcc/arm-none-eabi/13.3.1/../../../../arm-none-eabi/lib/thumb/v7-m/nofp\libc_nano.a(libc_a-snprintf.o)
                0x08007d08                sniprintf
                0x08007d08                snprintf
 .text.__sread  0x08007d74       0x22 C:/ST/STM32CubeIDE_1.19.0/STM32CubeIDE/plugins/com.st.stm32cube.ide.mcu.externaltools.gnu-tools-for-stm32.13.3.rel1.win32_1.0.0.202411081344/tools/bin/../lib/gcc/arm-none-eabi/13.3.1/../../../../arm-none-eabi/lib/thumb/v7-m/nofp\libc_nano.a(libc_a-stdio.o)
                0x08007d74                __sread
 .text.__swrite
                0x08007d96       0x38 C:/ST/STM32CubeIDE_1.19.0/STM32CubeIDE/plugins/com.st.stm32cube.ide.mcu.externaltools.gnu-tools-for-stm32.13.3.rel1.win32_1.0.0.202411081344/tools/bin/../lib/gcc/arm-none-eabi/13.3.1/../../../../arm-none-eabi/lib/thumb/v7-m/nofp\libc_nano.a(libc_a-stdio.o)
                0x08007d96                __swrite
 .text.__sseek  0x08007dce       0x24 C:/ST/STM32CubeIDE_1.19.0/STM32CubeIDE/plugins/com.st.stm32cube.ide.mcu.externaltools.gnu-tools-for-stm32.13.3.rel1.win32_1.0.0.202411081344/tools/bin/../lib/gcc/arm-none-eabi/13.3.1/../../../../arm-none-eabi/lib/thumb/v7-m/nofp\libc_nano.a(libc_a-stdio.o)
                0x08007dce                __sseek
 .text.__sclose
                0x08007df2        0x8 C:/ST/STM32CubeIDE_1.19.0/STM32CubeIDE/plugins/com.st.stm32cube.ide.mcu.externaltools.gnu-tools-for-stm32.13.3.rel1.win32_1.0.0.202411081344/tools/bin/../lib/gcc/arm-none-eabi/13.3.1/../../../../arm-none-eabi/lib/thumb/v7-m/nofp\libc_nano.a(libc_a-stdio.o)
                0x08007df2                __sclose
 .text.memset   0x08007dfa       0x10 C:/ST/STM32CubeIDE_1.19.0/STM32CubeIDE/plugins/com.st.stm32cube.ide.mcu.externaltools.gnu-tools-for-stm32.13.3.rel1.win32_1.0.0.202411081344/tools/bin/../lib/gcc/arm-none-eabi/13.3.1/../../../../arm-none-eabi/lib/thumb/v7-m/nofp\libc_nano.a(libc_a-memset.o)
                0x08007dfa                memset
 *fill*         0x08007e0a        0x2 
 .text._close_r
                0x08007e0c       0x20 C:/ST/STM32CubeIDE_1.19.0/STM32CubeIDE/plugins/com.st.stm32cube.ide.mcu.externaltools.gnu-tools-for-stm32.13.3.rel1.win32_1.0.0.202411081344/tools/bin/../lib/gcc/arm-none-eabi/13.3.1/../../../../arm-none-eabi/lib/thumb/v7-m/nofp\libc_nano.a(libc_a-closer.o)
                0x08007e0c                _close_r
 .text._lseek_r
                0x08007e2c       0x24 C:/ST/STM32CubeIDE_1.19.0/STM32CubeIDE/plugins/com.st.stm32cube.ide.mcu.externaltools.gnu-tools-for-stm32.13.3.rel1.win32_1.0.0.202411081344/tools/bin/../lib/gcc/arm-none-eabi/13.3.1/../../../../arm-none-eabi/lib/thumb/v7-m/nofp\libc_nano.a(libc_a-lseekr.o)
                0x08007e2c                _lseek_r
 .text._read_r  0x08007e50       0x24 C:/ST/STM32CubeIDE_1.19.0/STM32CubeIDE/plugins/com.st.stm32cube.ide.mcu.externaltools.gnu-tools-for-stm32.13.3.rel1.win32_1.0.0.202411081344/tools/bin/../lib/gcc/arm-none-eabi/13.3.1/../../../../arm-none-eabi/lib/thumb/v7-m/nofp\libc_nano.a(libc_a-readr.o)
                0x08007e50                _read_r
 .text._write_r
                0x08007e74       0x24 C:/ST/STM32CubeIDE_1.19.0/STM32CubeIDE/plugins/com.st.stm32cube.ide.mcu.externaltools.gnu-tools-for-stm32.13.3.rel1.win32_1.0.0.202411081344/tools/bin/../lib/gcc/arm-none-eabi/13.3.1/../../../../arm-none-eabi/lib/thumb/v7-m/nofp\libc_nano.a(libc_a-writer.o)
                0x08007e74                _write_r
 .text.__errno  0x08007e98        0xc C:/ST/STM32CubeIDE_1.19.0/STM32CubeIDE/plugins/com.st.stm32cube.ide.mcu.externaltools.gnu-tools-for-stm32.13.3.rel1.win32_1.0.0.202411081344/tools/bin/../lib/gcc/arm-none-eabi/13.3.1/../../../../arm-none-eabi/lib/thumb/v7-m/nofp\libc_nano.a(libc_a-errno.o)
                0x08007e98                __errno
 .text.__libc_init_array
                0x08007ea4       0x48 C:/ST/STM32CubeIDE_1.19.0/STM32CubeIDE/plugins/com.st.stm32cube.ide.mcu.externaltools.gnu-tools-for-stm32.13.3.rel1.win32_1.0.0.202411081344/tools/bin/../lib/gcc/arm-none-eabi/13.3.1/../../../../arm-none-eabi/lib/thumb/v7-m/nofp\libc_nano.a(libc_a-init.o)
                0x08007ea4                __libc_init_array
 .text.__retarget_lock_init_recursive
                0x08007eec        0x2 C:/ST/STM32CubeIDE_1.19.0/STM32CubeIDE/plugins/com.st.stm32cube.ide.mcu.externaltools.gnu-tools-for-stm32.13.3.rel1.win32_1.0.0.202411081344/tools/bin/../lib/gcc/arm-none-eabi/13.3.1/../../../../arm-none-eabi/lib/thumb/v7-m/nofp\libc_nano.a(libc_a-lock.o)
                0x08007eec                __retarget_lock_init_recursive
 .text.__retarget_lock_acquire_recursive
                0x08007eee        0x2 C:/ST/STM32CubeIDE_1.19.0/STM32CubeIDE/plugins/com.st.stm32cube.ide.mcu.externaltools.gnu-tools-for-stm32.13.3.rel1.win32_1.0.0.202411081344/tools/bin/../lib/gcc/arm-none-eabi/13.3.1/../../../../arm-none-eabi/lib/thumb/v7-m/nofp\libc_nano.a(libc_a-lock.o)
                0x08007eee                __retarget_lock_acquire_recursive
 .text.__retarget_lock_release_recursive
                0x08007ef0        0x2 C:/ST/STM32CubeIDE_1.19.0/STM32CubeIDE/plugins/com.st.stm32cube.ide.mcu.externaltools.gnu-tools-for-stm32.13.3.rel1.win32_1.0.0.202411081344/tools/bin/../lib/gcc/arm-none-eabi/13.3.1/../../../../arm-none-eabi/lib/thumb/v7-m/nofp\libc_nano.a(libc_a-lock.o)
                0x08007ef0                __retarget_lock_release_recursive
 .text.memcpy   0x08007ef2       0x1c C:/ST/STM32CubeIDE_1.19.0/STM32CubeIDE/plugins/com.st.stm32cube.ide.mcu.externaltools.gnu-tools-for-stm32.13.3.rel1.win32_1.0.0.202411081344/tools/bin/../lib/gcc/arm-none-eabi/13.3.1/../../../../arm-none-eabi/lib/thumb/v7-m/nofp\libc_nano.a(libc_a-memcpy-stub.o)
                0x08007ef2                memcpy
 *fill*         0x08007f0e        0x2 
 .text._free_r  0x08007f10       0x90 C:/ST/STM32CubeIDE_1.19.0/STM32CubeIDE/plugins/com.st.stm32cube.ide.mcu.externaltools.gnu-tools-for-stm32.13.3.rel1.win32_1.0.0.202411081344/tools/bin/../lib/gcc/arm-none-eabi/13.3.1/../../../../arm-none-eabi/lib/thumb/v7-m/nofp\libc_nano.a(libc_a-freer.o)
                0x08007f10                _free_r
 .text.sbrk_aligned
                0x08007fa0       0x44 C:/ST/STM32CubeIDE_1.19.0/STM32CubeIDE/plugins/com.st.stm32cube.ide.mcu.externaltools.gnu-tools-for-stm32.13.3.rel1.win32_1.0.0.202411081344/tools/bin/../lib/gcc/arm-none-eabi/13.3.1/../../../../arm-none-eabi/lib/thumb/v7-m/nofp\libc_nano.a(libc_a-mallocr.o)
 .text._malloc_r
                0x08007fe4      0x100 C:/ST/STM32CubeIDE_1.19.0/STM32CubeIDE/plugins/com.st.stm32cube.ide.mcu.externaltools.gnu-tools-for-stm32.13.3.rel1.win32_1.0.0.202411081344/tools/bin/../lib/gcc/arm-none-eabi/13.3.1/../../../../arm-none-eabi/lib/thumb/v7-m/nofp\libc_nano.a(libc_a-mallocr.o)
                0x08007fe4                _malloc_r
 .text.__malloc_lock
                0x080080e4        0xc C:/ST/STM32CubeIDE_1.19.0/STM32CubeIDE/plugins/com.st.stm32cube.ide.mcu.externaltools.gnu-tools-for-stm32.13.3.rel1.win32_1.0.0.202411081344/tools/bin/../lib/gcc/arm-none-eabi/13.3.1/../../../../arm-none-eabi/lib/thumb/v7-m/nofp\libc_nano.a(libc_a-mlock.o)
                0x080080e4                __malloc_lock
 .text.__malloc_unlock
                0x080080f0        0xc C:/ST/STM32CubeIDE_1.19.0/STM32CubeIDE/plugins/com.st.stm32cube.ide.mcu.externaltools.gnu-tools-for-stm32.13.3.rel1.win32_1.0.0.202411081344/tools/bin/../lib/gcc/arm-none-eabi/13.3.1/../../../../arm-none-eabi/lib/thumb/v7-m/nofp\libc_nano.a(libc_a-mlock.o)
                0x080080f0                __malloc_unlock
 .text.__ssputs_r
                0x080080fc       0xb6 C:/ST/STM32CubeIDE_1.19.0/STM32CubeIDE/plugins/com.st.stm32cube.ide.mcu.externaltools.gnu-tools-for-stm32.13.3.rel1.win32_1.0.0.202411081344/tools/bin/../lib/gcc/arm-none-eabi/13.3.1/../../../../arm-none-eabi/lib/thumb/v7-m/nofp\libc_nano.a(libc_a-nano-svfprintf.o)
                0x080080fc                __ssputs_r
 *fill*         0x080081b2        0x2 
 .text._svfprintf_r
                0x080081b4      0x1f8 C:/ST/STM32CubeIDE_1.19.0/STM32CubeIDE/plugins/com.st.stm32cube.ide.mcu.externaltools.gnu-tools-for-stm32.13.3.rel1.win32_1.0.0.202411081344/tools/bin/../lib/gcc/arm-none-eabi/13.3.1/../../../../arm-none-eabi/lib/thumb/v7-m/nofp\libc_nano.a(libc_a-nano-svfprintf.o)
                0x080081b4                _svfiprintf_r
                0x080081b4                _svfprintf_r
 .text.__sfputc_r
                0x080083ac       0x2a C:/ST/STM32CubeIDE_1.19.0/STM32CubeIDE/plugins/com.st.stm32cube.ide.mcu.externaltools.gnu-tools-for-stm32.13.3.rel1.win32_1.0.0.202411081344/tools/bin/../lib/gcc/arm-none-eabi/13.3.1/../../../../arm-none-eabi/lib/thumb/v7-m/nofp\libc_nano.a(libc_a-nano-vfprintf.o)
 .text.__sfputs_r
                0x080083d6       0x24 C:/ST/STM32CubeIDE_1.19.0/STM32CubeIDE/plugins/com.st.stm32cube.ide.mcu.externaltools.gnu-tools-for-stm32.13.3.rel1.win32_1.0.0.202411081344/tools/bin/../lib/gcc/arm-none-eabi/13.3.1/../../../../arm-none-eabi/lib/thumb/v7-m/nofp\libc_nano.a(libc_a-nano-vfprintf.o)
                0x080083d6                __sfputs_r
 *fill*         0x080083fa        0x2 
 .text._vfprintf_r
                0x080083fc      0x230 C:/ST/STM32CubeIDE_1.19.0/STM32CubeIDE/plugins/com.st.stm32cube.ide.mcu.externaltools.gnu-tools-for-stm32.13.3.rel1.win32_1.0.0.202411081344/tools/bin/../lib/gcc/arm-none-eabi/13.3.1/../../../../arm-none-eabi/lib/thumb/v7-m/nofp\libc_nano.a(libc_a-nano-vfprintf.o)
                0x080083fc                _vfprintf_r
                0x080083fc                _vfiprintf_r
 .text._printf_common
                0x0800862c       0xe4 C:/ST/STM32CubeIDE_1.19.0/STM32CubeIDE/plugins/com.st.stm32cube.ide.mcu.externaltools.gnu-tools-for-stm32.13.3.rel1.win32_1.0.0.202411081344/tools/bin/../lib/gcc/arm-none-eabi/13.3.1/../../../../arm-none-eabi/lib/thumb/v7-m/nofp\libc_nano.a(libc_a-nano-vfprintf_i.o)
                0x0800862c                _printf_common
 .text._printf_i
                0x08008710      0x23c C:/ST/STM32CubeIDE_1.19.0/STM32CubeIDE/plugins/com.st.stm32cube.ide.mcu.externaltools.gnu-tools-for-stm32.13.3.rel1.win32_1.0.0.202411081344/tools/bin/../lib/gcc/arm-none-eabi/13.3.1/../../../../arm-none-eabi/lib/thumb/v7-m/nofp\libc_nano.a(libc_a-nano-vfprintf_i.o)
                0x08008710                _printf_i
 .text.__sflush_r
                0x0800894c      0x100 C:/ST/STM32CubeIDE_1.19.0/STM32CubeIDE/plugins/com.st.stm32cube.ide.mcu.externaltools.gnu-tools-for-stm32.13.3.rel1.win32_1.0.0.202411081344/tools/bin/../lib/gcc/arm-none-eabi/13.3.1/../../../../arm-none-eabi/lib/thumb/v7-m/nofp\libc_nano.a(libc_a-fflush.o)
                0x0800894c                __sflush_r
 .text._fflush_r
                0x08008a4c       0x50 C:/ST/STM32CubeIDE_1.19.0/STM32CubeIDE/plugins/com.st.stm32cube.ide.mcu.externaltools.gnu-tools-for-stm32.13.3.rel1.win32_1.0.0.202411081344/tools/bin/../lib/gcc/arm-none-eabi/13.3.1/../../../../arm-none-eabi/lib/thumb/v7-m/nofp\libc_nano.a(libc_a-fflush.o)
                0x08008a4c                _fflush_r
 .text.__swbuf_r
                0x08008a9c       0x7c C:/ST/STM32CubeIDE_1.19.0/STM32CubeIDE/plugins/com.st.stm32cube.ide.mcu.externaltools.gnu-tools-for-stm32.13.3.rel1.win32_1.0.0.202411081344/tools/bin/../lib/gcc/arm-none-eabi/13.3.1/../../../../arm-none-eabi/lib/thumb/v7-m/nofp\libc_nano.a(libc_a-wbuf.o)
                0x08008a9c                __swbuf_r
 .text.__swsetup_r
                0x08008b18       0xac C:/ST/STM32CubeIDE_1.19.0/STM32CubeIDE/plugins/com.st.stm32cube.ide.mcu.externaltools.gnu-tools-for-stm32.13.3.rel1.win32_1.0.0.202411081344/tools/bin/../lib/gcc/arm-none-eabi/13.3.1/../../../../arm-none-eabi/lib/thumb/v7-m/nofp\libc_nano.a(libc_a-wsetup.o)
                0x08008b18                __swsetup_r
 .text.memmove  0x08008bc4       0x34 C:/ST/STM32CubeIDE_1.19.0/STM32CubeIDE/plugins/com.st.stm32cube.ide.mcu.externaltools.gnu-tools-for-stm32.13.3.rel1.win32_1.0.0.202411081344/tools/bin/../lib/gcc/arm-none-eabi/13.3.1/../../../../arm-none-eabi/lib/thumb/v7-m/nofp\libc_nano.a(libc_a-memmove.o)
                0x08008bc4                memmove
 .text._sbrk_r  0x08008bf8       0x20 C:/ST/STM32CubeIDE_1.19.0/STM32CubeIDE/plugins/com.st.stm32cube.ide.mcu.externaltools.gnu-tools-for-stm32.13.3.rel1.win32_1.0.0.202411081344/tools/bin/../lib/gcc/arm-none-eabi/13.3.1/../../../../arm-none-eabi/lib/thumb/v7-m/nofp\libc_nano.a(libc_a-sbrkr.o)
                0x08008bf8                _sbrk_r
 .text.memchr   0x08008c18       0x1c C:/ST/STM32CubeIDE_1.19.0/STM32CubeIDE/plugins/com.st.stm32cube.ide.mcu.externaltools.gnu-tools-for-stm32.13.3.rel1.win32_1.0.0.202411081344/tools/bin/../lib/gcc/arm-none-eabi/13.3.1/../../../../arm-none-eabi/lib/thumb/v7-m/nofp\libc_nano.a(libc_a-memchr-stub.o)
                0x08008c18                memchr
 .text._realloc_r
                0x08008c34       0x5c C:/ST/STM32CubeIDE_1.19.0/STM32CubeIDE/plugins/com.st.stm32cube.ide.mcu.externaltools.gnu-tools-for-stm32.13.3.rel1.win32_1.0.0.202411081344/tools/bin/../lib/gcc/arm-none-eabi/13.3.1/../../../../arm-none-eabi/lib/thumb/v7-m/nofp\libc_nano.a(libc_a-reallocr.o)
                0x08008c34                _realloc_r
 .text.__swhatbuf_r
                0x08008c90       0x4a C:/ST/STM32CubeIDE_1.19.0/STM32CubeIDE/plugins/com.st.stm32cube.ide.mcu.externaltools.gnu-tools-for-stm32.13.3.rel1.win32_1.0.0.202411081344/tools/bin/../lib/gcc/arm-none-eabi/13.3.1/../../../../arm-none-eabi/lib/thumb/v7-m/nofp\libc_nano.a(libc_a-makebuf.o)
                0x08008c90                __swhatbuf_r
 .text.__smakebuf_r
                0x08008cda       0x78 C:/ST/STM32CubeIDE_1.19.0/STM32CubeIDE/plugins/com.st.stm32cube.ide.mcu.externaltools.gnu-tools-for-stm32.13.3.rel1.win32_1.0.0.202411081344/tools/bin/../lib/gcc/arm-none-eabi/13.3.1/../../../../arm-none-eabi/lib/thumb/v7-m/nofp\libc_nano.a(libc_a-makebuf.o)
                0x08008cda                __smakebuf_r
 *fill*         0x08008d52        0x2 
 .text._fstat_r
                0x08008d54       0x24 C:/ST/STM32CubeIDE_1.19.0/STM32CubeIDE/plugins/com.st.stm32cube.ide.mcu.externaltools.gnu-tools-for-stm32.13.3.rel1.win32_1.0.0.202411081344/tools/bin/../lib/gcc/arm-none-eabi/13.3.1/../../../../arm-none-eabi/lib/thumb/v7-m/nofp\libc_nano.a(libc_a-fstatr.o)
                0x08008d54                _fstat_r
 .text._isatty_r
                0x08008d78       0x20 C:/ST/STM32CubeIDE_1.19.0/STM32CubeIDE/plugins/com.st.stm32cube.ide.mcu.externaltools.gnu-tools-for-stm32.13.3.rel1.win32_1.0.0.202411081344/tools/bin/../lib/gcc/arm-none-eabi/13.3.1/../../../../arm-none-eabi/lib/thumb/v7-m/nofp\libc_nano.a(libc_a-isattyr.o)
                0x08008d78                _isatty_r
 .text._malloc_usable_size_r
                0x08008d98       0x10 C:/ST/STM32CubeIDE_1.19.0/STM32CubeIDE/plugins/com.st.stm32cube.ide.mcu.externaltools.gnu-tools-for-stm32.13.3.rel1.win32_1.0.0.202411081344/tools/bin/../lib/gcc/arm-none-eabi/13.3.1/../../../../arm-none-eabi/lib/thumb/v7-m/nofp\libc_nano.a(libc_a-msizer.o)
                0x08008d98                _malloc_usable_size_r
 *(.glue_7)
 .glue_7        0x08008da8        0x0 linker stubs
 *(.glue_7t)
 .glue_7t       0x08008da8        0x0 linker stubs
 *(.eh_frame)
 .eh_frame      0x08008da8        0x0 C:/ST/STM32CubeIDE_1.19.0/STM32CubeIDE/plugins/com.st.stm32cube.ide.mcu.externaltools.gnu-tools-for-stm32.13.3.rel1.win32_1.0.0.202411081344/tools/bin/../lib/gcc/arm-none-eabi/13.3.1/thumb/v7-m/nofp/crtbegin.o
 *(.init)
 .init          0x08008da8        0x4 C:/ST/STM32CubeIDE_1.19.0/STM32CubeIDE/plugins/com.st.stm32cube.ide.mcu.externaltools.gnu-tools-for-stm32.13.3.rel1.win32_1.0.0.202411081344/tools/bin/../lib/gcc/arm-none-eabi/13.3.1/thumb/v7-m/nofp/crti.o
                0x08008da8                _init
 .init          0x08008dac        0x8 C:/ST/STM32CubeIDE_1.19.0/STM32CubeIDE/plugins/com.st.stm32cube.ide.mcu.externaltools.gnu-tools-for-stm32.13.3.rel1.win32_1.0.0.202411081344/tools/bin/../lib/gcc/arm-none-eabi/13.3.1/thumb/v7-m/nofp/crtn.o
 *(.fini)
 .fini          0x08008db4        0x4 C:/ST/STM32CubeIDE_1.19.0/STM32CubeIDE/plugins/com.st.stm32cube.ide.mcu.externaltools.gnu-tools-for-stm32.13.3.rel1.win32_1.0.0.202411081344/tools/bin/../lib/gcc/arm-none-eabi/13.3.1/thumb/v7-m/nofp/crti.o
                0x08008db4                _fini
 .fini          0x08008db8        0x8 C:/ST/STM32CubeIDE_1.19.0/STM32CubeIDE/plugins/com.st.stm32cube.ide.mcu.externaltools.gnu-tools-for-stm32.13.3.rel1.win32_1.0.0.202411081344/tools/bin/../lib/gcc/arm-none-eabi/13.3.1/thumb/v7-m/nofp/crtn.o
                0x08008dc0                        . = ALIGN (0x4)
                0x08008dc0                        _etext = .

.vfp11_veneer   0x08008dc0        0x0
 .vfp11_veneer  0x08008dc0        0x0 linker stubs

.v4_bx          0x08008dc0        0x0
 .v4_bx         0x08008dc0        0x0 linker stubs

.iplt           0x08008dc0        0x0
 .iplt          0x08008dc0        0x0 C:/ST/STM32CubeIDE_1.19.0/STM32CubeIDE/plugins/com.st.stm32cube.ide.mcu.externaltools.gnu-tools-for-stm32.13.3.rel1.win32_1.0.0.202411081344/tools/bin/../lib/gcc/arm-none-eabi/13.3.1/thumb/v7-m/nofp/crtbegin.o

.rodata         0x08008dc0      0x1d4
                0x08008dc0                        . = ALIGN (0x4)
 *(.rodata)
 .rodata        0x08008dc0      0x131 ./Core/Src/main.o
 *fill*         0x08008ef1        0x3 
 .rodata        0x08008ef4       0x37 ./Core/Src/vl53l1_api.o
 *(.rodata*)
 *fill*         0x08008f2b        0x1 
 .rodata.__func__.0
                0x08008f2c        0x5 ./Core/Src/main.o
 *fill*         0x08008f31        0x3 
 .rodata.AHBPrescTable
                0x08008f34       0x10 ./Core/Src/system_stm32f1xx.o
                0x08008f34                AHBPrescTable
 .rodata.APBPrescTable
                0x08008f44        0x8 ./Core/Src/system_stm32f1xx.o
                0x08008f44                APBPrescTable
 .rodata.aPLLMULFactorTable.1
                0x08008f4c       0x10 ./Drivers/STM32F1xx_HAL_Driver/Src/stm32f1xx_hal_rcc.o
 .rodata.aPredivFactorTable.0
                0x08008f5c        0x2 ./Drivers/STM32F1xx_HAL_Driver/Src/stm32f1xx_hal_rcc.o
 .rodata._svfprintf_r.str1.1
                0x08008f5e       0x33 C:/ST/STM32CubeIDE_1.19.0/STM32CubeIDE/plugins/com.st.stm32cube.ide.mcu.externaltools.gnu-tools-for-stm32.13.3.rel1.win32_1.0.0.202411081344/tools/bin/../lib/gcc/arm-none-eabi/13.3.1/../../../../arm-none-eabi/lib/thumb/v7-m/nofp\libc_nano.a(libc_a-nano-svfprintf.o)
                                 0x11 (size before relaxing)
 .rodata._vfprintf_r.str1.1
                0x08008f91       0x11 C:/ST/STM32CubeIDE_1.19.0/STM32CubeIDE/plugins/com.st.stm32cube.ide.mcu.externaltools.gnu-tools-for-stm32.13.3.rel1.win32_1.0.0.202411081344/tools/bin/../lib/gcc/arm-none-eabi/13.3.1/../../../../arm-none-eabi/lib/thumb/v7-m/nofp\libc_nano.a(libc_a-nano-vfprintf.o)
 .rodata._printf_i.str1.1
                0x08008f91       0x22 C:/ST/STM32CubeIDE_1.19.0/STM32CubeIDE/plugins/com.st.stm32cube.ide.mcu.externaltools.gnu-tools-for-stm32.13.3.rel1.win32_1.0.0.202411081344/tools/bin/../lib/gcc/arm-none-eabi/13.3.1/../../../../arm-none-eabi/lib/thumb/v7-m/nofp\libc_nano.a(libc_a-nano-vfprintf_i.o)
                0x08008fb4                        . = ALIGN (0x4)
 *fill*         0x08008f91        0x3 

.ARM.extab      0x08008f94        0x0
                0x08008f94                        . = ALIGN (0x4)
 *(.ARM.extab* .gnu.linkonce.armextab.*)
                0x08008f94                        . = ALIGN (0x4)

.ARM            0x08008f94        0x0
                0x08008f94                        . = ALIGN (0x4)
                0x08008f94                        __exidx_start = .
 *(.ARM.exidx*)
                0x08008f94                        __exidx_end = .
                0x08008f94                        . = ALIGN (0x4)

.preinit_array  0x08008f94        0x0
                0x08008f94                        . = ALIGN (0x4)
                0x08008f94                        PROVIDE (__preinit_array_start = .)
 *(.preinit_array*)
                0x08008f94                        PROVIDE (__preinit_array_end = .)
                0x08008f94                        . = ALIGN (0x4)

.init_array     0x08008f94        0x4
                0x08008f94                        . = ALIGN (0x4)
                0x08008f94                        PROVIDE (__init_array_start = .)
 *(SORT_BY_NAME(.init_array.*))
 *(.init_array*)
 .init_array    0x08008f94        0x4 C:/ST/STM32CubeIDE_1.19.0/STM32CubeIDE/plugins/com.st.stm32cube.ide.mcu.externaltools.gnu-tools-for-stm32.13.3.rel1.win32_1.0.0.202411081344/tools/bin/../lib/gcc/arm-none-eabi/13.3.1/thumb/v7-m/nofp/crtbegin.o
                0x08008f98                        PROVIDE (__init_array_end = .)
                0x08008f98                        . = ALIGN (0x4)

.fini_array     0x08008f98        0x4
                0x08008f98                        . = ALIGN (0x4)
                [!provide]                        PROVIDE (__fini_array_start = .)
 *(SORT_BY_NAME(.fini_array.*))
 *(.fini_array*)
 .fini_array    0x08008f98        0x4 C:/ST/STM32CubeIDE_1.19.0/STM32CubeIDE/plugins/com.st.stm32cube.ide.mcu.externaltools.gnu-tools-for-stm32.13.3.rel1.win32_1.0.0.202411081344/tools/bin/../lib/gcc/arm-none-eabi/13.3.1/thumb/v7-m/nofp/crtbegin.o
                [!provide]                        PROVIDE (__fini_array_end = .)
                0x08008f9c                        . = ALIGN (0x4)
                0x08008f9c                        _sidata = LOADADDR (.data)

.rel.dyn        0x08008f9c        0x0
 .rel.iplt      0x08008f9c        0x0 C:/ST/STM32CubeIDE_1.19.0/STM32CubeIDE/plugins/com.st.stm32cube.ide.mcu.externaltools.gnu-tools-for-stm32.13.3.rel1.win32_1.0.0.202411081344/tools/bin/../lib/gcc/arm-none-eabi/13.3.1/thumb/v7-m/nofp/crtbegin.o

.data           0x20000000       0x98 load address 0x08008f9c
                0x20000000                        . = ALIGN (0x4)
                0x20000000                        _sdata = .
 *(.data)
 *(.data*)
 .data.SystemCoreClock
                0x20000000        0x4 ./Core/Src/system_stm32f1xx.o
                0x20000000                SystemCoreClock
 .data.BDTable  0x20000004       0x30 ./Core/Src/vl53l1_api.o
 .data.uwTickPrio
                0x20000034        0x4 ./Drivers/STM32F1xx_HAL_Driver/Src/stm32f1xx_hal.o
                0x20000034                uwTickPrio
 .data.uwTickFreq
                0x20000038        0x1 ./Drivers/STM32F1xx_HAL_Driver/Src/stm32f1xx_hal.o
                0x20000038                uwTickFreq
 *fill*         0x20000039        0x3 
 .data.__sglue  0x2000003c        0xc C:/ST/STM32CubeIDE_1.19.0/STM32CubeIDE/plugins/com.st.stm32cube.ide.mcu.externaltools.gnu-tools-for-stm32.13.3.rel1.win32_1.0.0.202411081344/tools/bin/../lib/gcc/arm-none-eabi/13.3.1/../../../../arm-none-eabi/lib/thumb/v7-m/nofp\libc_nano.a(libc_a-findfp.o)
                0x2000003c                __sglue
 .data._impure_ptr
                0x20000048        0x4 C:/ST/STM32CubeIDE_1.19.0/STM32CubeIDE/plugins/com.st.stm32cube.ide.mcu.externaltools.gnu-tools-for-stm32.13.3.rel1.win32_1.0.0.202411081344/tools/bin/../lib/gcc/arm-none-eabi/13.3.1/../../../../arm-none-eabi/lib/thumb/v7-m/nofp\libc_nano.a(libc_a-impure.o)
                0x20000048                _impure_ptr
 .data._impure_data
                0x2000004c       0x4c C:/ST/STM32CubeIDE_1.19.0/STM32CubeIDE/plugins/com.st.stm32cube.ide.mcu.externaltools.gnu-tools-for-stm32.13.3.rel1.win32_1.0.0.202411081344/tools/bin/../lib/gcc/arm-none-eabi/13.3.1/../../../../arm-none-eabi/lib/thumb/v7-m/nofp\libc_nano.a(libc_a-impure.o)
                0x2000004c                _impure_data
 *(.RamFunc)
 *(.RamFunc*)
                0x20000098                        . = ALIGN (0x4)
                0x20000098                        _edata = .

.igot.plt       0x20000098        0x0 load address 0x08009034
 .igot.plt      0x20000098        0x0 C:/ST/STM32CubeIDE_1.19.0/STM32CubeIDE/plugins/com.st.stm32cube.ide.mcu.externaltools.gnu-tools-for-stm32.13.3.rel1.win32_1.0.0.202411081344/tools/bin/../lib/gcc/arm-none-eabi/13.3.1/thumb/v7-m/nofp/crtbegin.o
                0x20000098                        . = ALIGN (0x4)

.bss            0x20000098      0x20c load address 0x08009034
                0x20000098                        _sbss = .
                0x20000098                        __bss_start__ = _sbss
 *(.bss)
 .bss           0x20000098       0x1c C:/ST/STM32CubeIDE_1.19.0/STM32CubeIDE/plugins/com.st.stm32cube.ide.mcu.externaltools.gnu-tools-for-stm32.13.3.rel1.win32_1.0.0.202411081344/tools/bin/../lib/gcc/arm-none-eabi/13.3.1/thumb/v7-m/nofp/crtbegin.o
 *(.bss*)
 .bss.hi2c1     0x200000b4       0x54 ./Core/Src/main.o
                0x200000b4                hi2c1
 .bss.huart1    0x20000108       0x48 ./Core/Src/main.o
                0x20000108                huart1
 .bss.__sbrk_heap_end
                0x20000150        0x4 ./Core/Src/sysmem.o
 .bss.uwTick    0x20000154        0x4 ./Drivers/STM32F1xx_HAL_Driver/Src/stm32f1xx_hal.o
                0x20000154                uwTick
 .bss.__sf      0x20000158      0x138 C:/ST/STM32CubeIDE_1.19.0/STM32CubeIDE/plugins/com.st.stm32cube.ide.mcu.externaltools.gnu-tools-for-stm32.13.3.rel1.win32_1.0.0.202411081344/tools/bin/../lib/gcc/arm-none-eabi/13.3.1/../../../../arm-none-eabi/lib/thumb/v7-m/nofp\libc_nano.a(libc_a-findfp.o)
                0x20000158                __sf
 .bss.__stdio_exit_handler
                0x20000290        0x4 C:/ST/STM32CubeIDE_1.19.0/STM32CubeIDE/plugins/com.st.stm32cube.ide.mcu.externaltools.gnu-tools-for-stm32.13.3.rel1.win32_1.0.0.202411081344/tools/bin/../lib/gcc/arm-none-eabi/13.3.1/../../../../arm-none-eabi/lib/thumb/v7-m/nofp\libc_nano.a(libc_a-findfp.o)
                0x20000290                __stdio_exit_handler
 .bss.errno     0x20000294        0x4 C:/ST/STM32CubeIDE_1.19.0/STM32CubeIDE/plugins/com.st.stm32cube.ide.mcu.externaltools.gnu-tools-for-stm32.13.3.rel1.win32_1.0.0.202411081344/tools/bin/../lib/gcc/arm-none-eabi/13.3.1/../../../../arm-none-eabi/lib/thumb/v7-m/nofp\libc_nano.a(libc_a-reent.o)
                0x20000294                errno
 .bss.__lock___malloc_recursive_mutex
                0x20000298        0x1 C:/ST/STM32CubeIDE_1.19.0/STM32CubeIDE/plugins/com.st.stm32cube.ide.mcu.externaltools.gnu-tools-for-stm32.13.3.rel1.win32_1.0.0.202411081344/tools/bin/../lib/gcc/arm-none-eabi/13.3.1/../../../../arm-none-eabi/lib/thumb/v7-m/nofp\libc_nano.a(libc_a-lock.o)
                0x20000298                __lock___malloc_recursive_mutex
 .bss.__lock___sfp_recursive_mutex
                0x20000299        0x1 C:/ST/STM32CubeIDE_1.19.0/STM32CubeIDE/plugins/com.st.stm32cube.ide.mcu.externaltools.gnu-tools-for-stm32.13.3.rel1.win32_1.0.0.202411081344/tools/bin/../lib/gcc/arm-none-eabi/13.3.1/../../../../arm-none-eabi/lib/thumb/v7-m/nofp\libc_nano.a(libc_a-lock.o)
                0x20000299                __lock___sfp_recursive_mutex
 *fill*         0x2000029a        0x2 
 .bss.__malloc_sbrk_start
                0x2000029c        0x4 C:/ST/STM32CubeIDE_1.19.0/STM32CubeIDE/plugins/com.st.stm32cube.ide.mcu.externaltools.gnu-tools-for-stm32.13.3.rel1.win32_1.0.0.202411081344/tools/bin/../lib/gcc/arm-none-eabi/13.3.1/../../../../arm-none-eabi/lib/thumb/v7-m/nofp\libc_nano.a(libc_a-mallocr.o)
                0x2000029c                __malloc_sbrk_start
 .bss.__malloc_free_list
                0x200002a0        0x4 C:/ST/STM32CubeIDE_1.19.0/STM32CubeIDE/plugins/com.st.stm32cube.ide.mcu.externaltools.gnu-tools-for-stm32.13.3.rel1.win32_1.0.0.202411081344/tools/bin/../lib/gcc/arm-none-eabi/13.3.1/../../../../arm-none-eabi/lib/thumb/v7-m/nofp\libc_nano.a(libc_a-mallocr.o)
                0x200002a0                __malloc_free_list
 *(COMMON)
                0x200002a4                        . = ALIGN (0x4)
                0x200002a4                        _ebss = .
                0x200002a4                        __bss_end__ = _ebss

._user_heap_stack
                0x200002a4      0x604 load address 0x08009034
                0x200002a8                        . = ALIGN (0x8)
 *fill*         0x200002a4        0x4 
                [!provide]                        PROVIDE (end = .)
                0x200002a8                        PROVIDE (_end = .)
                0x200004a8                        . = (. + _Min_Heap_Size)
 *fill*         0x200002a8      0x200 
                0x200008a8                        . = (. + _Min_Stack_Size)
 *fill*         0x200004a8      0x400 
                0x200008a8                        . = ALIGN (0x8)

/DISCARD/
 libc.a(*)
 libm.a(*)
 libgcc.a(*)

.ARM.attributes
                0x00000000       0x29
 *(.ARM.attributes)
 .ARM.attributes
                0x00000000       0x1d C:/ST/STM32CubeIDE_1.19.0/STM32CubeIDE/plugins/com.st.stm32cube.ide.mcu.externaltools.gnu-tools-for-stm32.13.3.rel1.win32_1.0.0.202411081344/tools/bin/../lib/gcc/arm-none-eabi/13.3.1/thumb/v7-m/nofp/crti.o
 .ARM.attributes
                0x0000001d       0x2d C:/ST/STM32CubeIDE_1.19.0/STM32CubeIDE/plugins/com.st.stm32cube.ide.mcu.externaltools.gnu-tools-for-stm32.13.3.rel1.win32_1.0.0.202411081344/tools/bin/../lib/gcc/arm-none-eabi/13.3.1/thumb/v7-m/nofp/crtbegin.o
 .ARM.attributes
                0x0000004a       0x2d ./Core/Src/main.o
 .ARM.attributes
                0x00000077       0x2d ./Core/Src/stm32f1xx_hal_msp.o
 .ARM.attributes
                0x000000a4       0x2d ./Core/Src/stm32f1xx_it.o
 .ARM.attributes
                0x000000d1       0x2d ./Core/Src/syscalls.o
 .ARM.attributes
                0x000000fe       0x2d ./Core/Src/sysmem.o
 .ARM.attributes
                0x0000012b       0x2d ./Core/Src/system_stm32f1xx.o
 .ARM.attributes
                0x00000158       0x2d ./Core/Src/vl53l1_api.o
 .ARM.attributes
                0x00000185       0x2d ./Core/Src/vl53l1_api_core.o
 .ARM.attributes
                0x000001b2       0x2d ./Core/Src/vl53l1_api_preset_modes.o
 .ARM.attributes
                0x000001df       0x2d ./Core/Src/vl53l1_core.o
 .ARM.attributes
                0x0000020c       0x2d ./Core/Src/vl53l1_core_support.o
 .ARM.attributes
                0x00000239       0x2d ./Core/Src/vl53l1_platform.o
 .ARM.attributes
                0x00000266       0x2d ./Core/Src/vl53l1_register_funcs.o
 .ARM.attributes
                0x00000293       0x2d ./Core/Src/vl53l1_wait.o
 .ARM.attributes
                0x000002c0       0x21 ./Core/Startup/startup_stm32f103c8tx.o
 .ARM.attributes
                0x000002e1       0x2d ./Drivers/STM32F1xx_HAL_Driver/Src/stm32f1xx_hal.o
 .ARM.attributes
                0x0000030e       0x2d ./Drivers/STM32F1xx_HAL_Driver/Src/stm32f1xx_hal_cortex.o
 .ARM.attributes
                0x0000033b       0x2d ./Drivers/STM32F1xx_HAL_Driver/Src/stm32f1xx_hal_gpio.o
 .ARM.attributes
                0x00000368       0x2d ./Drivers/STM32F1xx_HAL_Driver/Src/stm32f1xx_hal_i2c.o
 .ARM.attributes
                0x00000395       0x2d ./Drivers/STM32F1xx_HAL_Driver/Src/stm32f1xx_hal_rcc.o
 .ARM.attributes
                0x000003c2       0x2d ./Drivers/STM32F1xx_HAL_Driver/Src/stm32f1xx_hal_uart.o
 .ARM.attributes
                0x000003ef       0x2d C:/ST/STM32CubeIDE_1.19.0/STM32CubeIDE/plugins/com.st.stm32cube.ide.mcu.externaltools.gnu-tools-for-stm32.13.3.rel1.win32_1.0.0.202411081344/tools/bin/../lib/gcc/arm-none-eabi/13.3.1/../../../../arm-none-eabi/lib/thumb/v7-m/nofp\libc_nano.a(libc_a-findfp.o)
 .ARM.attributes
                0x0000041c       0x2d C:/ST/STM32CubeIDE_1.19.0/STM32CubeIDE/plugins/com.st.stm32cube.ide.mcu.externaltools.gnu-tools-for-stm32.13.3.rel1.win32_1.0.0.202411081344/tools/bin/../lib/gcc/arm-none-eabi/13.3.1/../../../../arm-none-eabi/lib/thumb/v7-m/nofp\libc_nano.a(libc_a-fwalk.o)
 .ARM.attributes
                0x00000449       0x2d C:/ST/STM32CubeIDE_1.19.0/STM32CubeIDE/plugins/com.st.stm32cube.ide.mcu.externaltools.gnu-tools-for-stm32.13.3.rel1.win32_1.0.0.202411081344/tools/bin/../lib/gcc/arm-none-eabi/13.3.1/../../../../arm-none-eabi/lib/thumb/v7-m/nofp\libc_nano.a(libc_a-printf.o)
 .ARM.attributes
                0x00000476       0x2d C:/ST/STM32CubeIDE_1.19.0/STM32CubeIDE/plugins/com.st.stm32cube.ide.mcu.externaltools.gnu-tools-for-stm32.13.3.rel1.win32_1.0.0.202411081344/tools/bin/../lib/gcc/arm-none-eabi/13.3.1/../../../../arm-none-eabi/lib/thumb/v7-m/nofp\libc_nano.a(libc_a-snprintf.o)
 .ARM.attributes
                0x000004a3       0x2d C:/ST/STM32CubeIDE_1.19.0/STM32CubeIDE/plugins/com.st.stm32cube.ide.mcu.externaltools.gnu-tools-for-stm32.13.3.rel1.win32_1.0.0.202411081344/tools/bin/../lib/gcc/arm-none-eabi/13.3.1/../../../../arm-none-eabi/lib/thumb/v7-m/nofp\libc_nano.a(libc_a-stdio.o)
 .ARM.attributes
                0x000004d0       0x2d C:/ST/STM32CubeIDE_1.19.0/STM32CubeIDE/plugins/com.st.stm32cube.ide.mcu.externaltools.gnu-tools-for-stm32.13.3.rel1.win32_1.0.0.202411081344/tools/bin/../lib/gcc/arm-none-eabi/13.3.1/../../../../arm-none-eabi/lib/thumb/v7-m/nofp\libc_nano.a(libc_a-memset.o)
 .ARM.attributes
                0x000004fd       0x2d C:/ST/STM32CubeIDE_1.19.0/STM32CubeIDE/plugins/com.st.stm32cube.ide.mcu.externaltools.gnu-tools-for-stm32.13.3.rel1.win32_1.0.0.202411081344/tools/bin/../lib/gcc/arm-none-eabi/13.3.1/../../../../arm-none-eabi/lib/thumb/v7-m/nofp\libc_nano.a(libc_a-closer.o)
 .ARM.attributes
                0x0000052a       0x2d C:/ST/STM32CubeIDE_1.19.0/STM32CubeIDE/plugins/com.st.stm32cube.ide.mcu.externaltools.gnu-tools-for-stm32.13.3.rel1.win32_1.0.0.202411081344/tools/bin/../lib/gcc/arm-none-eabi/13.3.1/../../../../arm-none-eabi/lib/thumb/v7-m/nofp\libc_nano.a(libc_a-reent.o)
 .ARM.attributes
                0x00000557       0x2d C:/ST/STM32CubeIDE_1.19.0/STM32CubeIDE/plugins/com.st.stm32cube.ide.mcu.externaltools.gnu-tools-for-stm32.13.3.rel1.win32_1.0.0.202411081344/tools/bin/../lib/gcc/arm-none-eabi/13.3.1/../../../../arm-none-eabi/lib/thumb/v7-m/nofp\libc_nano.a(libc_a-impure.o)
 .ARM.attributes
                0x00000584       0x2d C:/ST/STM32CubeIDE_1.19.0/STM32CubeIDE/plugins/com.st.stm32cube.ide.mcu.externaltools.gnu-tools-for-stm32.13.3.rel1.win32_1.0.0.202411081344/tools/bin/../lib/gcc/arm-none-eabi/13.3.1/../../../../arm-none-eabi/lib/thumb/v7-m/nofp\libc_nano.a(libc_a-lseekr.o)
 .ARM.attributes
                0x000005b1       0x2d C:/ST/STM32CubeIDE_1.19.0/STM32CubeIDE/plugins/com.st.stm32cube.ide.mcu.externaltools.gnu-tools-for-stm32.13.3.rel1.win32_1.0.0.202411081344/tools/bin/../lib/gcc/arm-none-eabi/13.3.1/../../../../arm-none-eabi/lib/thumb/v7-m/nofp\libc_nano.a(libc_a-readr.o)
 .ARM.attributes
                0x000005de       0x2d C:/ST/STM32CubeIDE_1.19.0/STM32CubeIDE/plugins/com.st.stm32cube.ide.mcu.externaltools.gnu-tools-for-stm32.13.3.rel1.win32_1.0.0.202411081344/tools/bin/../lib/gcc/arm-none-eabi/13.3.1/../../../../arm-none-eabi/lib/thumb/v7-m/nofp\libc_nano.a(libc_a-writer.o)
 .ARM.attributes
                0x0000060b       0x2d C:/ST/STM32CubeIDE_1.19.0/STM32CubeIDE/plugins/com.st.stm32cube.ide.mcu.externaltools.gnu-tools-for-stm32.13.3.rel1.win32_1.0.0.202411081344/tools/bin/../lib/gcc/arm-none-eabi/13.3.1/../../../../arm-none-eabi/lib/thumb/v7-m/nofp\libc_nano.a(libc_a-errno.o)
 .ARM.attributes
                0x00000638       0x2d C:/ST/STM32CubeIDE_1.19.0/STM32CubeIDE/plugins/com.st.stm32cube.ide.mcu.externaltools.gnu-tools-for-stm32.13.3.rel1.win32_1.0.0.202411081344/tools/bin/../lib/gcc/arm-none-eabi/13.3.1/../../../../arm-none-eabi/lib/thumb/v7-m/nofp\libc_nano.a(libc_a-init.o)
 .ARM.attributes
                0x00000665       0x2d C:/ST/STM32CubeIDE_1.19.0/STM32CubeIDE/plugins/com.st.stm32cube.ide.mcu.externaltools.gnu-tools-for-stm32.13.3.rel1.win32_1.0.0.202411081344/tools/bin/../lib/gcc/arm-none-eabi/13.3.1/../../../../arm-none-eabi/lib/thumb/v7-m/nofp\libc_nano.a(libc_a-lock.o)
 .ARM.attributes
                0x00000692       0x2d C:/ST/STM32CubeIDE_1.19.0/STM32CubeIDE/plugins/com.st.stm32cube.ide.mcu.externaltools.gnu-tools-for-stm32.13.3.rel1.win32_1.0.0.202411081344/tools/bin/../lib/gcc/arm-none-eabi/13.3.1/../../../../arm-none-eabi/lib/thumb/v7-m/nofp\libc_nano.a(libc_a-memcpy-stub.o)
 .ARM.attributes
                0x000006bf       0x2d C:/ST/STM32CubeIDE_1.19.0/STM32CubeIDE/plugins/com.st.stm32cube.ide.mcu.externaltools.gnu-tools-for-stm32.13.3.rel1.win32_1.0.0.202411081344/tools/bin/../lib/gcc/arm-none-eabi/13.3.1/../../../../arm-none-eabi/lib/thumb/v7-m/nofp\libc_nano.a(libc_a-freer.o)
 .ARM.attributes
                0x000006ec       0x2d C:/ST/STM32CubeIDE_1.19.0/STM32CubeIDE/plugins/com.st.stm32cube.ide.mcu.externaltools.gnu-tools-for-stm32.13.3.rel1.win32_1.0.0.202411081344/tools/bin/../lib/gcc/arm-none-eabi/13.3.1/../../../../arm-none-eabi/lib/thumb/v7-m/nofp\libc_nano.a(libc_a-mallocr.o)
 .ARM.attributes
                0x00000719       0x2d C:/ST/STM32CubeIDE_1.19.0/STM32CubeIDE/plugins/com.st.stm32cube.ide.mcu.externaltools.gnu-tools-for-stm32.13.3.rel1.win32_1.0.0.202411081344/tools/bin/../lib/gcc/arm-none-eabi/13.3.1/../../../../arm-none-eabi/lib/thumb/v7-m/nofp\libc_nano.a(libc_a-mlock.o)
 .ARM.attributes
                0x00000746       0x2d C:/ST/STM32CubeIDE_1.19.0/STM32CubeIDE/plugins/com.st.stm32cube.ide.mcu.externaltools.gnu-tools-for-stm32.13.3.rel1.win32_1.0.0.202411081344/tools/bin/../lib/gcc/arm-none-eabi/13.3.1/../../../../arm-none-eabi/lib/thumb/v7-m/nofp\libc_nano.a(libc_a-nano-svfprintf.o)
 .ARM.attributes
                0x00000773       0x2d C:/ST/STM32CubeIDE_1.19.0/STM32CubeIDE/plugins/com.st.stm32cube.ide.mcu.externaltools.gnu-tools-for-stm32.13.3.rel1.win32_1.0.0.202411081344/tools/bin/../lib/gcc/arm-none-eabi/13.3.1/../../../../arm-none-eabi/lib/thumb/v7-m/nofp\libc_nano.a(libc_a-nano-vfprintf.o)
 .ARM.attributes
                0x000007a0       0x2d C:/ST/STM32CubeIDE_1.19.0/STM32CubeIDE/plugins/com.st.stm32cube.ide.mcu.externaltools.gnu-tools-for-stm32.13.3.rel1.win32_1.0.0.202411081344/tools/bin/../lib/gcc/arm-none-eabi/13.3.1/../../../../arm-none-eabi/lib/thumb/v7-m/nofp\libc_nano.a(libc_a-nano-vfprintf_i.o)
 .ARM.attributes
                0x000007cd       0x2d C:/ST/STM32CubeIDE_1.19.0/STM32CubeIDE/plugins/com.st.stm32cube.ide.mcu.externaltools.gnu-tools-for-stm32.13.3.rel1.win32_1.0.0.202411081344/tools/bin/../lib/gcc/arm-none-eabi/13.3.1/../../../../arm-none-eabi/lib/thumb/v7-m/nofp\libc_nano.a(libc_a-fflush.o)
 .ARM.attributes
                0x000007fa       0x2d C:/ST/STM32CubeIDE_1.19.0/STM32CubeIDE/plugins/com.st.stm32cube.ide.mcu.externaltools.gnu-tools-for-stm32.13.3.rel1.win32_1.0.0.202411081344/tools/bin/../lib/gcc/arm-none-eabi/13.3.1/../../../../arm-none-eabi/lib/thumb/v7-m/nofp\libc_nano.a(libc_a-wbuf.o)
 .ARM.attributes
                0x00000827       0x2d C:/ST/STM32CubeIDE_1.19.0/STM32CubeIDE/plugins/com.st.stm32cube.ide.mcu.externaltools.gnu-tools-for-stm32.13.3.rel1.win32_1.0.0.202411081344/tools/bin/../lib/gcc/arm-none-eabi/13.3.1/../../../../arm-none-eabi/lib/thumb/v7-m/nofp\libc_nano.a(libc_a-wsetup.o)
 .ARM.attributes
                0x00000854       0x2d C:/ST/STM32CubeIDE_1.19.0/STM32CubeIDE/plugins/com.st.stm32cube.ide.mcu.externaltools.gnu-tools-for-stm32.13.3.rel1.win32_1.0.0.202411081344/tools/bin/../lib/gcc/arm-none-eabi/13.3.1/../../../../arm-none-eabi/lib/thumb/v7-m/nofp\libc_nano.a(libc_a-memmove.o)
 .ARM.attributes
                0x00000881       0x2d C:/ST/STM32CubeIDE_1.19.0/STM32CubeIDE/plugins/com.st.stm32cube.ide.mcu.externaltools.gnu-tools-for-stm32.13.3.rel1.win32_1.0.0.202411081344/tools/bin/../lib/gcc/arm-none-eabi/13.3.1/../../../../arm-none-eabi/lib/thumb/v7-m/nofp\libc_nano.a(libc_a-sbrkr.o)
 .ARM.attributes
                0x000008ae       0x2d C:/ST/STM32CubeIDE_1.19.0/STM32CubeIDE/plugins/com.st.stm32cube.ide.mcu.externaltools.gnu-tools-for-stm32.13.3.rel1.win32_1.0.0.202411081344/tools/bin/../lib/gcc/arm-none-eabi/13.3.1/../../../../arm-none-eabi/lib/thumb/v7-m/nofp\libc_nano.a(libc_a-memchr-stub.o)
 .ARM.attributes
                0x000008db       0x2d C:/ST/STM32CubeIDE_1.19.0/STM32CubeIDE/plugins/com.st.stm32cube.ide.mcu.externaltools.gnu-tools-for-stm32.13.3.rel1.win32_1.0.0.202411081344/tools/bin/../lib/gcc/arm-none-eabi/13.3.1/../../../../arm-none-eabi/lib/thumb/v7-m/nofp\libc_nano.a(libc_a-reallocr.o)
 .ARM.attributes
                0x00000908       0x2d C:/ST/STM32CubeIDE_1.19.0/STM32CubeIDE/plugins/com.st.stm32cube.ide.mcu.externaltools.gnu-tools-for-stm32.13.3.rel1.win32_1.0.0.202411081344/tools/bin/../lib/gcc/arm-none-eabi/13.3.1/../../../../arm-none-eabi/lib/thumb/v7-m/nofp\libc_nano.a(libc_a-makebuf.o)
 .ARM.attributes
                0x00000935       0x2d C:/ST/STM32CubeIDE_1.19.0/STM32CubeIDE/plugins/com.st.stm32cube.ide.mcu.externaltools.gnu-tools-for-stm32.13.3.rel1.win32_1.0.0.202411081344/tools/bin/../lib/gcc/arm-none-eabi/13.3.1/../../../../arm-none-eabi/lib/thumb/v7-m/nofp\libc_nano.a(libc_a-fstatr.o)
 .ARM.attributes
                0x00000962       0x2d C:/ST/STM32CubeIDE_1.19.0/STM32CubeIDE/plugins/com.st.stm32cube.ide.mcu.externaltools.gnu-tools-for-stm32.13.3.rel1.win32_1.0.0.202411081344/tools/bin/../lib/gcc/arm-none-eabi/13.3.1/../../../../arm-none-eabi/lib/thumb/v7-m/nofp\libc_nano.a(libc_a-isattyr.o)
 .ARM.attributes
                0x0000098f       0x2d C:/ST/STM32CubeIDE_1.19.0/STM32CubeIDE/plugins/com.st.stm32cube.ide.mcu.externaltools.gnu-tools-for-stm32.13.3.rel1.win32_1.0.0.202411081344/tools/bin/../lib/gcc/arm-none-eabi/13.3.1/../../../../arm-none-eabi/lib/thumb/v7-m/nofp\libc_nano.a(libc_a-msizer.o)
 .ARM.attributes
                0x000009bc       0x1d C:/ST/STM32CubeIDE_1.19.0/STM32CubeIDE/plugins/com.st.stm32cube.ide.mcu.externaltools.gnu-tools-for-stm32.13.3.rel1.win32_1.0.0.202411081344/tools/bin/../lib/gcc/arm-none-eabi/13.3.1/thumb/v7-m/nofp/crtn.o
OUTPUT(Test_F103_VL53L1_Sensor.elf elf32-littlearm)
LOAD linker stubs
LOAD C:/ST/STM32CubeIDE_1.19.0/STM32CubeIDE/plugins/com.st.stm32cube.ide.mcu.externaltools.gnu-tools-for-stm32.13.3.rel1.win32_1.0.0.202411081344/tools/bin/../lib/gcc/arm-none-eabi/13.3.1/../../../../arm-none-eabi/lib/thumb/v7-m/nofp\libc.a
LOAD C:/ST/STM32CubeIDE_1.19.0/STM32CubeIDE/plugins/com.st.stm32cube.ide.mcu.externaltools.gnu-tools-for-stm32.13.3.rel1.win32_1.0.0.202411081344/tools/bin/../lib/gcc/arm-none-eabi/13.3.1/../../../../arm-none-eabi/lib/thumb/v7-m/nofp\libm.a
LOAD C:/ST/STM32CubeIDE_1.19.0/STM32CubeIDE/plugins/com.st.stm32cube.ide.mcu.externaltools.gnu-tools-for-stm32.13.3.rel1.win32_1.0.0.202411081344/tools/bin/../lib/gcc/arm-none-eabi/13.3.1/thumb/v7-m/nofp\libgcc.a

.debug_info     0x00000000    0x1f054
 .debug_info    0x00000000     0x2ad0 ./Core/Src/main.o
 .debug_info    0x00002ad0      0xb0f ./Core/Src/stm32f1xx_hal_msp.o
 .debug_info    0x000035df      0x113 ./Core/Src/stm32f1xx_it.o
 .debug_info    0x000036f2      0x6a3 ./Core/Src/syscalls.o
 .debug_info    0x00003d95      0x168 ./Core/Src/sysmem.o
 .debug_info    0x00003efd      0x222 ./Core/Src/system_stm32f1xx.o
 .debug_info    0x0000411f     0x4752 ./Core/Src/vl53l1_api.o
 .debug_info    0x00008871     0x3ca4 ./Core/Src/vl53l1_api_core.o
 .debug_info    0x0000c515     0x1426 ./Core/Src/vl53l1_api_preset_modes.o
 .debug_info    0x0000d93b     0x33ce ./Core/Src/vl53l1_core.o
 .debug_info    0x00010d09      0x182 ./Core/Src/vl53l1_core_support.o
 .debug_info    0x00010e8b     0x2545 ./Core/Src/vl53l1_platform.o
 .debug_info    0x000133d0     0x273e ./Core/Src/vl53l1_register_funcs.o
 .debug_info    0x00015b0e     0x21fa ./Core/Src/vl53l1_wait.o
 .debug_info    0x00017d08       0x30 ./Core/Startup/startup_stm32f103c8tx.o
 .debug_info    0x00017d38      0x704 ./Drivers/STM32F1xx_HAL_Driver/Src/stm32f1xx_hal.o
 .debug_info    0x0001843c      0xa87 ./Drivers/STM32F1xx_HAL_Driver/Src/stm32f1xx_hal_cortex.o
 .debug_info    0x00018ec3      0x5ab ./Drivers/STM32F1xx_HAL_Driver/Src/stm32f1xx_hal_gpio.o
 .debug_info    0x0001946e     0x2524 ./Drivers/STM32F1xx_HAL_Driver/Src/stm32f1xx_hal_i2c.o
 .debug_info    0x0001b992      0x7d5 ./Drivers/STM32F1xx_HAL_Driver/Src/stm32f1xx_hal_rcc.o
 .debug_info    0x0001c167     0x2eed ./Drivers/STM32F1xx_HAL_Driver/Src/stm32f1xx_hal_uart.o

.debug_abbrev   0x00000000     0x2815
 .debug_abbrev  0x00000000      0x2e7 ./Core/Src/main.o
 .debug_abbrev  0x000002e7      0x1ab ./Core/Src/stm32f1xx_hal_msp.o
 .debug_abbrev  0x00000492       0x73 ./Core/Src/stm32f1xx_it.o
 .debug_abbrev  0x00000505      0x1b6 ./Core/Src/syscalls.o
 .debug_abbrev  0x000006bb       0xbc ./Core/Src/sysmem.o
 .debug_abbrev  0x00000777      0x13f ./Core/Src/system_stm32f1xx.o
 .debug_abbrev  0x000008b6      0x2d5 ./Core/Src/vl53l1_api.o
 .debug_abbrev  0x00000b8b      0x25c ./Core/Src/vl53l1_api_core.o
 .debug_abbrev  0x00000de7      0x179 ./Core/Src/vl53l1_api_preset_modes.o
 .debug_abbrev  0x00000f60      0x27d ./Core/Src/vl53l1_core.o
 .debug_abbrev  0x000011dd       0xdc ./Core/Src/vl53l1_core_support.o
 .debug_abbrev  0x000012b9      0x1fd ./Core/Src/vl53l1_platform.o
 .debug_abbrev  0x000014b6      0x22d ./Core/Src/vl53l1_register_funcs.o
 .debug_abbrev  0x000016e3      0x1fd ./Core/Src/vl53l1_wait.o
 .debug_abbrev  0x000018e0       0x24 ./Core/Startup/startup_stm32f103c8tx.o
 .debug_abbrev  0x00001904      0x201 ./Drivers/STM32F1xx_HAL_Driver/Src/stm32f1xx_hal.o
 .debug_abbrev  0x00001b05      0x2f8 ./Drivers/STM32F1xx_HAL_Driver/Src/stm32f1xx_hal_cortex.o
 .debug_abbrev  0x00001dfd      0x1ca ./Drivers/STM32F1xx_HAL_Driver/Src/stm32f1xx_hal_gpio.o
 .debug_abbrev  0x00001fc7      0x2a3 ./Drivers/STM32F1xx_HAL_Driver/Src/stm32f1xx_hal_i2c.o
 .debug_abbrev  0x0000226a      0x2b3 ./Drivers/STM32F1xx_HAL_Driver/Src/stm32f1xx_hal_rcc.o
 .debug_abbrev  0x0000251d      0x2f8 ./Drivers/STM32F1xx_HAL_Driver/Src/stm32f1xx_hal_uart.o

.debug_aranges  0x00000000     0x11f0
 .debug_aranges
                0x00000000       0x58 ./Core/Src/main.o
 .debug_aranges
                0x00000058       0x40 ./Core/Src/stm32f1xx_hal_msp.o
 .debug_aranges
                0x00000098       0x60 ./Core/Src/stm32f1xx_it.o
 .debug_aranges
                0x000000f8       0xa8 ./Core/Src/syscalls.o
 .debug_aranges
                0x000001a0       0x20 ./Core/Src/sysmem.o
 .debug_aranges
                0x000001c0       0x28 ./Core/Src/system_stm32f1xx.o
 .debug_aranges
                0x000001e8      0x250 ./Core/Src/vl53l1_api.o
 .debug_aranges
                0x00000438      0x1c0 ./Core/Src/vl53l1_api_core.o
 .debug_aranges
                0x000005f8       0xa8 ./Core/Src/vl53l1_api_preset_modes.o
 .debug_aranges
                0x000006a0      0x1e0 ./Core/Src/vl53l1_core.o
 .debug_aranges
                0x00000880       0x30 ./Core/Src/vl53l1_core_support.o
 .debug_aranges
                0x000008b0       0x58 ./Core/Src/vl53l1_platform.o
 .debug_aranges
                0x00000908       0xe0 ./Core/Src/vl53l1_register_funcs.o
 .debug_aranges
                0x000009e8       0x68 ./Core/Src/vl53l1_wait.o
 .debug_aranges
                0x00000a50       0x28 ./Core/Startup/startup_stm32f103c8tx.o
 .debug_aranges
                0x00000a78       0xe0 ./Drivers/STM32F1xx_HAL_Driver/Src/stm32f1xx_hal.o
 .debug_aranges
                0x00000b58      0x100 ./Drivers/STM32F1xx_HAL_Driver/Src/stm32f1xx_hal_cortex.o
 .debug_aranges
                0x00000c58       0x58 ./Drivers/STM32F1xx_HAL_Driver/Src/stm32f1xx_hal_gpio.o
 .debug_aranges
                0x00000cb0      0x2a8 ./Drivers/STM32F1xx_HAL_Driver/Src/stm32f1xx_hal_i2c.o
 .debug_aranges
                0x00000f58       0x90 ./Drivers/STM32F1xx_HAL_Driver/Src/stm32f1xx_hal_rcc.o
 .debug_aranges
                0x00000fe8      0x208 ./Drivers/STM32F1xx_HAL_Driver/Src/stm32f1xx_hal_uart.o

.debug_rnglists
                0x00000000      0xddf
 .debug_rnglists
                0x00000000       0x3e ./Core/Src/main.o
 .debug_rnglists
                0x0000003e       0x2c ./Core/Src/stm32f1xx_hal_msp.o
 .debug_rnglists
                0x0000006a       0x43 ./Core/Src/stm32f1xx_it.o
 .debug_rnglists
                0x000000ad       0x79 ./Core/Src/syscalls.o
 .debug_rnglists
                0x00000126       0x13 ./Core/Src/sysmem.o
 .debug_rnglists
                0x00000139       0x1a ./Core/Src/system_stm32f1xx.o
 .debug_rnglists
                0x00000153      0x1cf ./Core/Src/vl53l1_api.o
 .debug_rnglists
                0x00000322      0x15b ./Core/Src/vl53l1_api_core.o
 .debug_rnglists
                0x0000047d       0x7e ./Core/Src/vl53l1_api_preset_modes.o
 .debug_rnglists
                0x000004fb      0x172 ./Core/Src/vl53l1_core.o
 .debug_rnglists
                0x0000066d       0x1f ./Core/Src/vl53l1_core_support.o
 .debug_rnglists
                0x0000068c       0x3d ./Core/Src/vl53l1_platform.o
 .debug_rnglists
                0x000006c9       0xb1 ./Core/Src/vl53l1_register_funcs.o
 .debug_rnglists
                0x0000077a       0x4b ./Core/Src/vl53l1_wait.o
 .debug_rnglists
                0x000007c5       0x19 ./Core/Startup/startup_stm32f103c8tx.o
 .debug_rnglists
                0x000007de       0xa3 ./Drivers/STM32F1xx_HAL_Driver/Src/stm32f1xx_hal.o
 .debug_rnglists
                0x00000881       0xbb ./Drivers/STM32F1xx_HAL_Driver/Src/stm32f1xx_hal_cortex.o
 .debug_rnglists
                0x0000093c       0x3f ./Drivers/STM32F1xx_HAL_Driver/Src/stm32f1xx_hal_gpio.o
 .debug_rnglists
                0x0000097b      0x23c ./Drivers/STM32F1xx_HAL_Driver/Src/stm32f1xx_hal_i2c.o
 .debug_rnglists
                0x00000bb7       0x6c ./Drivers/STM32F1xx_HAL_Driver/Src/stm32f1xx_hal_rcc.o
 .debug_rnglists
                0x00000c23      0x1bc ./Drivers/STM32F1xx_HAL_Driver/Src/stm32f1xx_hal_uart.o

.debug_macro    0x00000000    0x1cd9f
 .debug_macro   0x00000000      0x3aa ./Core/Src/main.o
 .debug_macro   0x000003aa      0xacc ./Core/Src/main.o
 .debug_macro   0x00000e76      0x21b ./Core/Src/main.o
 .debug_macro   0x00001091       0x2e ./Core/Src/main.o
 .debug_macro   0x000010bf       0x22 ./Core/Src/main.o
 .debug_macro   0x000010e1       0x22 ./Core/Src/main.o
 .debug_macro   0x00001103       0x8e ./Core/Src/main.o
 .debug_macro   0x00001191       0x51 ./Core/Src/main.o
 .debug_macro   0x000011e2      0x103 ./Core/Src/main.o
 .debug_macro   0x000012e5       0x6a ./Core/Src/main.o
 .debug_macro   0x0000134f      0x1df ./Core/Src/main.o
 .debug_macro   0x0000152e       0x1c ./Core/Src/main.o
 .debug_macro   0x0000154a       0x22 ./Core/Src/main.o
 .debug_macro   0x0000156c       0xbd ./Core/Src/main.o
 .debug_macro   0x00001629      0xd23 ./Core/Src/main.o
 .debug_macro   0x0000234c     0xe09e ./Core/Src/main.o
 .debug_macro   0x000103ea       0x6d ./Core/Src/main.o
 .debug_macro   0x00010457     0x34a2 ./Core/Src/main.o
 .debug_macro   0x000138f9      0x190 ./Core/Src/main.o
 .debug_macro   0x00013a89       0x5c ./Core/Src/main.o
 .debug_macro   0x00013ae5      0x5bc ./Core/Src/main.o
 .debug_macro   0x000140a1      0x289 ./Core/Src/main.o
 .debug_macro   0x0001432a      0x1cb ./Core/Src/main.o
 .debug_macro   0x000144f5      0x114 ./Core/Src/main.o
 .debug_macro   0x00014609      0x1b2 ./Core/Src/main.o
 .debug_macro   0x000147bb       0x27 ./Core/Src/main.o
 .debug_macro   0x000147e2      0x136 ./Core/Src/main.o
 .debug_macro   0x00014918      0x1bc ./Core/Src/main.o
 .debug_macro   0x00014ad4       0x34 ./Core/Src/main.o
 .debug_macro   0x00014b08       0x3c ./Core/Src/main.o
 .debug_macro   0x00014b44       0x57 ./Core/Src/main.o
 .debug_macro   0x00014b9b       0x87 ./Core/Src/main.o
 .debug_macro   0x00014c22      0x240 ./Core/Src/main.o
 .debug_macro   0x00014e62      0x287 ./Core/Src/main.o
 .debug_macro   0x000150e9      0x140 ./Core/Src/main.o
 .debug_macro   0x00015229      0x28e ./Core/Src/main.o
 .debug_macro   0x000154b7       0x83 ./Core/Src/main.o
 .debug_macro   0x0001553a       0x61 ./Core/Src/main.o
 .debug_macro   0x0001559b       0x24 ./Core/Src/main.o
 .debug_macro   0x000155bf       0x43 ./Core/Src/main.o
 .debug_macro   0x00015602       0x34 ./Core/Src/main.o
 .debug_macro   0x00015636      0x370 ./Core/Src/main.o
 .debug_macro   0x000159a6       0x16 ./Core/Src/main.o
 .debug_macro   0x000159bc       0x4a ./Core/Src/main.o
 .debug_macro   0x00015a06       0x34 ./Core/Src/main.o
 .debug_macro   0x00015a3a       0x10 ./Core/Src/main.o
 .debug_macro   0x00015a4a       0x58 ./Core/Src/main.o
 .debug_macro   0x00015aa2       0x8e ./Core/Src/main.o
 .debug_macro   0x00015b30       0x1c ./Core/Src/main.o
 .debug_macro   0x00015b4c      0x185 ./Core/Src/main.o
 .debug_macro   0x00015cd1       0x10 ./Core/Src/main.o
 .debug_macro   0x00015ce1       0x3c ./Core/Src/main.o
 .debug_macro   0x00015d1d       0x20 ./Core/Src/main.o
 .debug_macro   0x00015d3d       0x1c ./Core/Src/main.o
 .debug_macro   0x00015d59       0x10 ./Core/Src/main.o
 .debug_macro   0x00015d69       0x1c ./Core/Src/main.o
 .debug_macro   0x00015d85       0x16 ./Core/Src/main.o
 .debug_macro   0x00015d9b      0x146 ./Core/Src/main.o
 .debug_macro   0x00015ee1       0x16 ./Core/Src/main.o
 .debug_macro   0x00015ef7       0x16 ./Core/Src/main.o